ARM Linker, 5.03 [Build 76] [MDK-ARM Lite]

==============================================================================

Section Cross References

    startup_tm4c123.o(RESET) refers to startup_tm4c123.o(STACK) for StackMem
    startup_tm4c123.o(RESET) refers to filemain.o(.text) for SysTick_Handler
    startup_tm4c123.o(RESET) refers to __main.o(!!!main) for __main
    startup_tm4c123.o(.text) refers to startup_tm4c123.o(HEAP) for HeapMem
    startup_tm4c123.o(.text) refers to startup_tm4c123.o(STACK) for StackMem
    filemain.o(.text) refers to dflt_clz.o(x$fpl$dflt) for __aeabi_i2d
    filemain.o(.text) refers to pow.o(i.__hardfp_pow) for __hardfp_pow
    filemain.o(.text) refers to f2d.o(x$fpl$f2d) for __aeabi_f2d
    filemain.o(.text) refers to dmul.o(x$fpl$dmul) for __aeabi_dmul
    filemain.o(.text) refers to d2f.o(x$fpl$d2f) for __aeabi_d2f
    filemain.o(.text) refers to startup_tm4c123.o(.text) for DisableInterrupts
    filemain.o(.text) refers to filemain.o(.data) for TIM_A_MATCH
    filemain.o(.text) refers to deqf.o(x$fpl$deqf) for __aeabi_cdcmpeq
    filemain.o(.text) refers to daddsub_clz.o(x$fpl$dadd) for __aeabi_dadd
    filemain.o(.text) refers to dflt_clz.o(x$fpl$dfltu) for __aeabi_ui2d
    filemain.o(.text) refers to ddiv.o(x$fpl$ddiv) for __aeabi_ddiv
    filemain.o(.text) refers to filemain.o(.bss) for res
    __main.o(!!!main) refers to rtentry.o(.ARM.Collect$$rtentry$$00000000) for __rt_entry
    d2f.o(x$fpl$d2f) refers (Special) to usenofp.o(x$fpl$usenofp) for __I$use$fp
    d2f.o(x$fpl$d2f) refers to fretinf.o(x$fpl$fretinf) for __fpl_fretinf
    d2f.o(x$fpl$d2f) refers to dnaninf.o(x$fpl$dnaninf) for __fpl_dnaninf
    daddsub_clz.o(x$fpl$dadd) refers (Special) to usenofp.o(x$fpl$usenofp) for __I$use$fp
    daddsub_clz.o(x$fpl$dadd) refers to daddsub_clz.o(x$fpl$dsub) for _dsub1
    daddsub_clz.o(x$fpl$dadd) refers to dretinf.o(x$fpl$dretinf) for __fpl_dretinf
    daddsub_clz.o(x$fpl$dadd) refers to dnaninf.o(x$fpl$dnaninf) for __fpl_dnaninf
    daddsub_clz.o(x$fpl$drsb) refers (Special) to usenofp.o(x$fpl$usenofp) for __I$use$fp
    daddsub_clz.o(x$fpl$drsb) refers to daddsub_clz.o(x$fpl$dadd) for _dadd1
    daddsub_clz.o(x$fpl$drsb) refers to daddsub_clz.o(x$fpl$dsub) for _dsub1
    daddsub_clz.o(x$fpl$dsub) refers (Special) to usenofp.o(x$fpl$usenofp) for __I$use$fp
    daddsub_clz.o(x$fpl$dsub) refers to daddsub_clz.o(x$fpl$dadd) for _dadd1
    daddsub_clz.o(x$fpl$dsub) refers to dnaninf.o(x$fpl$dnaninf) for __fpl_dnaninf
    ddiv.o(x$fpl$drdiv) refers (Special) to usenofp.o(x$fpl$usenofp) for __I$use$fp
    ddiv.o(x$fpl$drdiv) refers to ddiv.o(x$fpl$ddiv) for ddiv_entry
    ddiv.o(x$fpl$ddiv) refers (Special) to usenofp.o(x$fpl$usenofp) for __I$use$fp
    ddiv.o(x$fpl$ddiv) refers to dretinf.o(x$fpl$dretinf) for __fpl_dretinf
    ddiv.o(x$fpl$ddiv) refers to dnaninf.o(x$fpl$dnaninf) for __fpl_dnaninf
    deqf.o(x$fpl$deqf) refers (Special) to usenofp.o(x$fpl$usenofp) for __I$use$fp
    deqf.o(x$fpl$deqf) refers to dnaninf.o(x$fpl$dnaninf) for __fpl_dnaninf
    deqf.o(x$fpl$deqf) refers to dcmpi.o(x$fpl$dcmpinf) for __fpl_dcmp_Inf
    dflt_clz.o(x$fpl$dfltu) refers (Special) to usenofp.o(x$fpl$usenofp) for __I$use$fp
    dflt_clz.o(x$fpl$dflt) refers (Special) to usenofp.o(x$fpl$usenofp) for __I$use$fp
    dflt_clz.o(x$fpl$dfltn) refers (Special) to usenofp.o(x$fpl$usenofp) for __I$use$fp
    dmul.o(x$fpl$dmul) refers (Special) to usenofp.o(x$fpl$usenofp) for __I$use$fp
    dmul.o(x$fpl$dmul) refers to dretinf.o(x$fpl$dretinf) for __fpl_dretinf
    dmul.o(x$fpl$dmul) refers to dnaninf.o(x$fpl$dnaninf) for __fpl_dnaninf
    f2d.o(x$fpl$f2d) refers (Special) to usenofp.o(x$fpl$usenofp) for __I$use$fp
    f2d.o(x$fpl$f2d) refers to fnaninf.o(x$fpl$fnaninf) for __fpl_fnaninf
    f2d.o(x$fpl$f2d) refers to dretinf.o(x$fpl$dretinf) for __fpl_dretinf
    pow.o(i.__hardfp_pow) refers (Special) to usenofp.o(x$fpl$usenofp) for __I$use$fp
    pow.o(i.__hardfp_pow) refers to daddsub_clz.o(x$fpl$dadd) for __aeabi_dadd
    pow.o(i.__hardfp_pow) refers to _rserrno.o(.text) for __set_errno
    pow.o(i.__hardfp_pow) refers to basic.o(x$fpl$basic) for __aeabi_dneg
    pow.o(i.__hardfp_pow) refers to dmul.o(x$fpl$dmul) for __aeabi_dmul
    pow.o(i.__hardfp_pow) refers to ddiv.o(x$fpl$ddiv) for __aeabi_ddiv
    pow.o(i.__hardfp_pow) refers to sqrt.o(i.sqrt) for sqrt
    pow.o(i.__hardfp_pow) refers to fabs.o(i.fabs) for fabs
    pow.o(i.__hardfp_pow) refers to dunder.o(i.__mathlib_dbl_underflow) for __mathlib_dbl_underflow
    pow.o(i.__hardfp_pow) refers to daddsub_clz.o(x$fpl$dsub) for __aeabi_dsub
    pow.o(i.__hardfp_pow) refers to daddsub_clz.o(x$fpl$drsb) for __aeabi_drsub
    pow.o(i.__hardfp_pow) refers to qnan.o(.constdata) for __mathlib_zero
    pow.o(i.__hardfp_pow) refers to poly.o(i.__kernel_poly) for __kernel_poly
    pow.o(i.__hardfp_pow) refers to dflt_clz.o(x$fpl$dflt) for __aeabi_i2d
    pow.o(i.__hardfp_pow) refers to pow.o(.constdata) for .constdata
    pow.o(i.__hardfp_pow) refers to drleqf.o(x$fpl$drleqf) for __aeabi_cdrcmple
    pow.o(i.__hardfp_pow) refers to scalbn.o(x$fpl$scalbn) for __ARM_scalbn
    pow.o(i.__hardfp_pow) refers to fpclassify.o(i.__ARM_fpclassify) for __ARM_fpclassify
    pow.o(i.__softfp_pow) refers (Special) to usenofp.o(x$fpl$usenofp) for __I$use$fp
    pow.o(i.__softfp_pow) refers to pow.o(i.__hardfp_pow) for __hardfp_pow
    pow.o(i.pow) refers (Special) to usenofp.o(x$fpl$usenofp) for __I$use$fp
    pow.o(i.pow) refers to pow.o(i.__hardfp_pow) for __hardfp_pow
    pow.o(.constdata) refers (Special) to usenofp.o(x$fpl$usenofp) for __I$use$fp
    pow_x.o(i.____hardfp_pow$lsc) refers (Special) to usenofp.o(x$fpl$usenofp) for __I$use$fp
    pow_x.o(i.____hardfp_pow$lsc) refers to daddsub_clz.o(x$fpl$dadd) for __aeabi_dadd
    pow_x.o(i.____hardfp_pow$lsc) refers to _rserrno.o(.text) for __set_errno
    pow_x.o(i.____hardfp_pow$lsc) refers to basic.o(x$fpl$basic) for __aeabi_dneg
    pow_x.o(i.____hardfp_pow$lsc) refers to ddiv.o(x$fpl$ddiv) for __aeabi_ddiv
    pow_x.o(i.____hardfp_pow$lsc) refers to sqrt.o(i.sqrt) for sqrt
    pow_x.o(i.____hardfp_pow$lsc) refers to fabs.o(i.fabs) for fabs
    pow_x.o(i.____hardfp_pow$lsc) refers to dflt_clz.o(x$fpl$dflt) for __aeabi_i2d
    pow_x.o(i.____hardfp_pow$lsc) refers to daddsub_clz.o(x$fpl$dsub) for __aeabi_dsub
    pow_x.o(i.____hardfp_pow$lsc) refers to dmul.o(x$fpl$dmul) for __aeabi_dmul
    pow_x.o(i.____hardfp_pow$lsc) refers to daddsub_clz.o(x$fpl$drsb) for __aeabi_drsub
    pow_x.o(i.____hardfp_pow$lsc) refers to qnan.o(.constdata) for __mathlib_zero
    pow_x.o(i.____hardfp_pow$lsc) refers to poly.o(i.__kernel_poly) for __kernel_poly
    pow_x.o(i.____hardfp_pow$lsc) refers to pow_x.o(.constdata) for .constdata
    pow_x.o(i.____hardfp_pow$lsc) refers to drleqf.o(x$fpl$drleqf) for __aeabi_cdrcmple
    pow_x.o(i.____hardfp_pow$lsc) refers to scalbn.o(x$fpl$scalbn) for __ARM_scalbn
    pow_x.o(i.____softfp_pow$lsc) refers (Special) to usenofp.o(x$fpl$usenofp) for __I$use$fp
    pow_x.o(i.____softfp_pow$lsc) refers to pow_x.o(i.____hardfp_pow$lsc) for ____hardfp_pow$lsc
    pow_x.o(i.__pow$lsc) refers (Special) to usenofp.o(x$fpl$usenofp) for __I$use$fp
    pow_x.o(i.__pow$lsc) refers to pow_x.o(i.____hardfp_pow$lsc) for ____hardfp_pow$lsc
    pow_x.o(.constdata) refers (Special) to usenofp.o(x$fpl$usenofp) for __I$use$fp
    rtentry.o(.ARM.Collect$$rtentry$$00000000) refers (Special) to rtentry2.o(.ARM.Collect$$rtentry$$0000000A) for __rt_entry_li
    rtentry.o(.ARM.Collect$$rtentry$$00000000) refers (Special) to rtentry2.o(.ARM.Collect$$rtentry$$0000000D) for __rt_entry_main
    rtentry.o(.ARM.Collect$$rtentry$$00000000) refers (Special) to rtentry2.o(.ARM.Collect$$rtentry$$0000000C) for __rt_entry_postli_1
    rtentry.o(.ARM.Collect$$rtentry$$00000000) refers (Special) to rtentry2.o(.ARM.Collect$$rtentry$$00000009) for __rt_entry_postsh_1
    rtentry.o(.ARM.Collect$$rtentry$$00000000) refers (Special) to rtentry2.o(.ARM.Collect$$rtentry$$00000002) for __rt_entry_presh_1
    rtentry.o(.ARM.Collect$$rtentry$$00000000) refers (Special) to rtentry4.o(.ARM.Collect$$rtentry$$00000004) for __rt_entry_sh
    _rserrno.o(.text) refers to rt_errno_addr_intlibspace.o(.text) for __aeabi_errno_addr
    basic.o(x$fpl$basic) refers (Special) to usenofp.o(x$fpl$usenofp) for __I$use$fp
    dcmpi.o(x$fpl$dcmpinf) refers (Special) to usenofp.o(x$fpl$usenofp) for __I$use$fp
    dnaninf.o(x$fpl$dnaninf) refers (Special) to usenofp.o(x$fpl$usenofp) for __I$use$fp
    dretinf.o(x$fpl$dretinf) refers (Special) to usenofp.o(x$fpl$usenofp) for __I$use$fp
    drleqf.o(x$fpl$drleqf) refers (Special) to usenofp.o(x$fpl$usenofp) for __I$use$fp
    drleqf.o(x$fpl$drleqf) refers to dleqf.o(x$fpl$dleqf) for __fpl_dcmple_InfNaN
    fnaninf.o(x$fpl$fnaninf) refers (Special) to usenofp.o(x$fpl$usenofp) for __I$use$fp
    fretinf.o(x$fpl$fretinf) refers (Special) to usenofp.o(x$fpl$usenofp) for __I$use$fp
    scalbn.o(x$fpl$scalbn) refers (Special) to usenofp.o(x$fpl$usenofp) for __I$use$fp
    scalbn.o(x$fpl$scalbn) refers to dcheck1.o(x$fpl$dcheck1) for __fpl_dcheck_NaN1
    dunder.o(i.__mathlib_dbl_underflow) refers to dmul.o(x$fpl$dmul) for __aeabi_dmul
    fabs.o(i.__hardfp_fabs) refers (Special) to usenofp.o(x$fpl$usenofp) for __I$use$fp
    fabs.o(i.__softfp_fabs) refers (Special) to usenofp.o(x$fpl$usenofp) for __I$use$fp
    fabs.o(i.fabs) refers (Special) to usenofp.o(x$fpl$usenofp) for __I$use$fp
    fpclassify.o(i.__ARM_fpclassify) refers (Special) to usenofp.o(x$fpl$usenofp) for __I$use$fp
    poly.o(i.__kernel_poly) refers (Special) to usenofp.o(x$fpl$usenofp) for __I$use$fp
    poly.o(i.__kernel_poly) refers to dmul.o(x$fpl$dmul) for __aeabi_dmul
    poly.o(i.__kernel_poly) refers to daddsub_clz.o(x$fpl$dadd) for __aeabi_dadd
    qnan.o(.constdata) refers (Special) to usenofp.o(x$fpl$usenofp) for __I$use$fp
    sqrt.o(i.__hardfp_sqrt) refers (Special) to usenofp.o(x$fpl$usenofp) for __I$use$fp
    sqrt.o(i.__hardfp_sqrt) refers to dsqrt_umaal.o(x$fpl$dsqrt) for _dsqrt
    sqrt.o(i.__hardfp_sqrt) refers to _rserrno.o(.text) for __set_errno
    sqrt.o(i.__softfp_sqrt) refers (Special) to usenofp.o(x$fpl$usenofp) for __I$use$fp
    sqrt.o(i.__softfp_sqrt) refers to dsqrt_umaal.o(x$fpl$dsqrt) for _dsqrt
    sqrt.o(i.__softfp_sqrt) refers to _rserrno.o(.text) for __set_errno
    sqrt.o(i.sqrt) refers (Special) to usenofp.o(x$fpl$usenofp) for __I$use$fp
    sqrt.o(i.sqrt) refers to dsqrt_umaal.o(x$fpl$dsqrt) for _dsqrt
    sqrt.o(i.sqrt) refers to _rserrno.o(.text) for __set_errno
    sqrt_x.o(i.____hardfp_sqrt$lsc) refers (Special) to usenofp.o(x$fpl$usenofp) for __I$use$fp
    sqrt_x.o(i.____hardfp_sqrt$lsc) refers to dleqf.o(x$fpl$dleqf) for __aeabi_cdcmple
    sqrt_x.o(i.____hardfp_sqrt$lsc) refers to _rserrno.o(.text) for __set_errno
    sqrt_x.o(i.____hardfp_sqrt$lsc) refers to dsqrt_umaal.o(x$fpl$dsqrt) for _dsqrt
    sqrt_x.o(i.____softfp_sqrt$lsc) refers (Special) to usenofp.o(x$fpl$usenofp) for __I$use$fp
    sqrt_x.o(i.____softfp_sqrt$lsc) refers to dleqf.o(x$fpl$dleqf) for __aeabi_cdcmple
    sqrt_x.o(i.____softfp_sqrt$lsc) refers to _rserrno.o(.text) for __set_errno
    sqrt_x.o(i.____softfp_sqrt$lsc) refers to dsqrt_umaal.o(x$fpl$dsqrt) for _dsqrt
    sqrt_x.o(i.__sqrt$lsc) refers (Special) to usenofp.o(x$fpl$usenofp) for __I$use$fp
    sqrt_x.o(i.__sqrt$lsc) refers to dleqf.o(x$fpl$dleqf) for __aeabi_cdcmple
    sqrt_x.o(i.__sqrt$lsc) refers to _rserrno.o(.text) for __set_errno
    sqrt_x.o(i.__sqrt$lsc) refers to dsqrt_umaal.o(x$fpl$dsqrt) for _dsqrt
    rtentry2.o(.ARM.Collect$$rtentry$$00000008) refers to boardinit2.o(.text) for _platform_post_stackheap_init
    rtentry2.o(.ARM.Collect$$rtentry$$0000000A) refers to libinit.o(.ARM.Collect$$libinit$$00000000) for __rt_lib_init
    rtentry2.o(.ARM.Collect$$rtentry$$0000000B) refers to boardinit3.o(.text) for _platform_post_lib_init
    rtentry2.o(.ARM.Collect$$rtentry$$0000000D) refers to filemain.o(.text) for main
    rtentry2.o(.ARM.Collect$$rtentry$$0000000D) refers to exit.o(.text) for exit
    rtentry2.o(.ARM.exidx) refers to rtentry2.o(.ARM.Collect$$rtentry$$00000001) for .ARM.Collect$$rtentry$$00000001
    rtentry2.o(.ARM.exidx) refers to rtentry2.o(.ARM.Collect$$rtentry$$00000008) for .ARM.Collect$$rtentry$$00000008
    rtentry2.o(.ARM.exidx) refers to rtentry2.o(.ARM.Collect$$rtentry$$0000000A) for .ARM.Collect$$rtentry$$0000000A
    rtentry2.o(.ARM.exidx) refers to rtentry2.o(.ARM.Collect$$rtentry$$0000000B) for .ARM.Collect$$rtentry$$0000000B
    rtentry2.o(.ARM.exidx) refers to rtentry2.o(.ARM.Collect$$rtentry$$0000000D) for .ARM.Collect$$rtentry$$0000000D
    rtentry4.o(.ARM.Collect$$rtentry$$00000004) refers to sys_stackheap_outer.o(.text) for __user_setup_stackheap
    rtentry4.o(.ARM.exidx) refers to rtentry4.o(.ARM.Collect$$rtentry$$00000004) for .ARM.Collect$$rtentry$$00000004
    rt_errno_addr.o(.text) refers to rt_errno_addr.o(.bss) for __aeabi_errno_addr_data
    rt_errno_addr_intlibspace.o(.text) refers to libspace.o(.bss) for __libspace_start
    dcheck1.o(x$fpl$dcheck1) refers (Special) to usenofp.o(x$fpl$usenofp) for __I$use$fp
    dcheck1.o(x$fpl$dcheck1) refers to retnan.o(x$fpl$retnan) for __fpl_return_NaN
    dleqf.o(x$fpl$dleqf) refers (Special) to usenofp.o(x$fpl$usenofp) for __I$use$fp
    dleqf.o(x$fpl$dleqf) refers to dnaninf.o(x$fpl$dnaninf) for __fpl_dnaninf
    dleqf.o(x$fpl$dleqf) refers to dcmpi.o(x$fpl$dcmpinf) for __fpl_dcmp_Inf
    dsqrt_umaal.o(x$fpl$dsqrt) refers (Special) to usenofp.o(x$fpl$usenofp) for __I$use$fp
    dsqrt_umaal.o(x$fpl$dsqrt) refers to dnaninf.o(x$fpl$dnaninf) for __fpl_dnaninf
    libspace.o(.text) refers to libspace.o(.bss) for __libspace_start
    sys_stackheap_outer.o(.text) refers to libspace.o(.text) for __user_perproc_libspace
    sys_stackheap_outer.o(.text) refers to startup_tm4c123.o(.text) for __user_initial_stackheap
    exit.o(.text) refers to rtexit.o(.ARM.Collect$$rtexit$$00000000) for __rt_exit
    libinit.o(.ARM.Collect$$libinit$$00000000) refers (Special) to libinit2.o(.ARM.Collect$$libinit$$0000002C) for __rt_lib_init_alloca_1
    libinit.o(.ARM.Collect$$libinit$$00000000) refers (Special) to libinit2.o(.ARM.Collect$$libinit$$0000002A) for __rt_lib_init_argv_1
    libinit.o(.ARM.Collect$$libinit$$00000000) refers (Special) to libinit2.o(.ARM.Collect$$libinit$$00000019) for __rt_lib_init_atexit_1
    libinit.o(.ARM.Collect$$libinit$$00000000) refers (Special) to libinit2.o(.ARM.Collect$$libinit$$0000001F) for __rt_lib_init_clock_1
    libinit.o(.ARM.Collect$$libinit$$00000000) refers (Special) to libinit2.o(.ARM.Collect$$libinit$$00000030) for __rt_lib_init_cpp_1
    libinit.o(.ARM.Collect$$libinit$$00000000) refers (Special) to libinit2.o(.ARM.Collect$$libinit$$0000002E) for __rt_lib_init_exceptions_1
    libinit.o(.ARM.Collect$$libinit$$00000000) refers (Special) to libinit2.o(.ARM.Collect$$libinit$$00000001) for __rt_lib_init_fp_1
    libinit.o(.ARM.Collect$$libinit$$00000000) refers (Special) to libinit2.o(.ARM.Collect$$libinit$$0000001D) for __rt_lib_init_fp_trap_1
    libinit.o(.ARM.Collect$$libinit$$00000000) refers (Special) to libinit2.o(.ARM.Collect$$libinit$$00000021) for __rt_lib_init_getenv_1
    libinit.o(.ARM.Collect$$libinit$$00000000) refers (Special) to libinit2.o(.ARM.Collect$$libinit$$00000008) for __rt_lib_init_heap_1
    libinit.o(.ARM.Collect$$libinit$$00000000) refers (Special) to libinit2.o(.ARM.Collect$$libinit$$0000000F) for __rt_lib_init_lc_collate_1
    libinit.o(.ARM.Collect$$libinit$$00000000) refers (Special) to libinit2.o(.ARM.Collect$$libinit$$00000011) for __rt_lib_init_lc_ctype_1
    libinit.o(.ARM.Collect$$libinit$$00000000) refers (Special) to libinit2.o(.ARM.Collect$$libinit$$00000013) for __rt_lib_init_lc_monetary_1
    libinit.o(.ARM.Collect$$libinit$$00000000) refers (Special) to libinit2.o(.ARM.Collect$$libinit$$00000015) for __rt_lib_init_lc_numeric_1
    libinit.o(.ARM.Collect$$libinit$$00000000) refers (Special) to libinit2.o(.ARM.Collect$$libinit$$00000017) for __rt_lib_init_lc_time_1
    libinit.o(.ARM.Collect$$libinit$$00000000) refers (Special) to libinit2.o(.ARM.Collect$$libinit$$0000000C) for __rt_lib_init_rand_1
    libinit.o(.ARM.Collect$$libinit$$00000000) refers (Special) to libinit2.o(.ARM.Collect$$libinit$$00000031) for __rt_lib_init_return
    libinit.o(.ARM.Collect$$libinit$$00000000) refers (Special) to libinit2.o(.ARM.Collect$$libinit$$0000001B) for __rt_lib_init_signal_1
    libinit.o(.ARM.Collect$$libinit$$00000000) refers (Special) to libinit2.o(.ARM.Collect$$libinit$$00000023) for __rt_lib_init_stdio_1
    libinit.o(.ARM.Collect$$libinit$$00000000) refers (Special) to libinit2.o(.ARM.Collect$$libinit$$0000000A) for __rt_lib_init_user_alloc_1
    retnan.o(x$fpl$retnan) refers (Special) to usenofp.o(x$fpl$usenofp) for __I$use$fp
    retnan.o(x$fpl$retnan) refers to trapv.o(x$fpl$trapveneer) for __fpl_cmpreturn
    rtexit.o(.ARM.Collect$$rtexit$$00000000) refers (Special) to rtexit2.o(.ARM.Collect$$rtexit$$00000004) for __rt_exit_exit
    rtexit.o(.ARM.Collect$$rtexit$$00000000) refers (Special) to rtexit2.o(.ARM.Collect$$rtexit$$00000003) for __rt_exit_ls
    rtexit.o(.ARM.Collect$$rtexit$$00000000) refers (Special) to rtexit2.o(.ARM.Collect$$rtexit$$00000002) for __rt_exit_prels_1
    rtexit.o(.ARM.exidx) refers (Special) to rtexit2.o(.ARM.Collect$$rtexit$$00000004) for __rt_exit_exit
    rtexit.o(.ARM.exidx) refers (Special) to rtexit2.o(.ARM.Collect$$rtexit$$00000003) for __rt_exit_ls
    rtexit.o(.ARM.exidx) refers (Special) to rtexit2.o(.ARM.Collect$$rtexit$$00000002) for __rt_exit_prels_1
    rtexit.o(.ARM.exidx) refers to rtexit.o(.ARM.Collect$$rtexit$$00000000) for .ARM.Collect$$rtexit$$00000000
    libinit2.o(.ARM.Collect$$libinit$$00000001) refers to fpinit.o(x$fpl$fpinit) for _fp_init
    libinit2.o(.ARM.Collect$$libinit$$0000000E) refers to libinit2.o(.ARM.Collect$$libinit$$0000000D) for .ARM.Collect$$libinit$$0000000D
    libinit2.o(.ARM.Collect$$libinit$$00000010) refers to libinit2.o(.ARM.Collect$$libinit$$0000000D) for .ARM.Collect$$libinit$$0000000D
    libinit2.o(.ARM.Collect$$libinit$$00000012) refers to libinit2.o(.ARM.Collect$$libinit$$0000000D) for .ARM.Collect$$libinit$$0000000D
    libinit2.o(.ARM.Collect$$libinit$$00000014) refers to libinit2.o(.ARM.Collect$$libinit$$0000000D) for .ARM.Collect$$libinit$$0000000D
    libinit2.o(.ARM.Collect$$libinit$$00000016) refers to libinit2.o(.ARM.Collect$$libinit$$0000000D) for .ARM.Collect$$libinit$$0000000D
    libinit2.o(.ARM.Collect$$libinit$$00000024) refers to argv_veneer.o(.emb_text) for __ARM_argv_veneer
    libinit2.o(.ARM.Collect$$libinit$$00000025) refers to argv_veneer.o(.emb_text) for __ARM_argv_veneer
    trapv.o(x$fpl$trapveneer) refers (Special) to usenofp.o(x$fpl$usenofp) for __I$use$fp
    rtexit2.o(.ARM.Collect$$rtexit$$00000003) refers to libshutdown.o(.ARM.Collect$$libshutdown$$00000000) for __rt_lib_shutdown
    rtexit2.o(.ARM.Collect$$rtexit$$00000004) refers to sys_exit.o(.text) for _sys_exit
    rtexit2.o(.ARM.exidx) refers to rtexit2.o(.ARM.Collect$$rtexit$$00000001) for .ARM.Collect$$rtexit$$00000001
    rtexit2.o(.ARM.exidx) refers to rtexit2.o(.ARM.Collect$$rtexit$$00000003) for .ARM.Collect$$rtexit$$00000003
    rtexit2.o(.ARM.exidx) refers to rtexit2.o(.ARM.Collect$$rtexit$$00000004) for .ARM.Collect$$rtexit$$00000004
    argv_veneer.o(.emb_text) refers to no_argv.o(.text) for __ARM_get_argv
    sys_exit.o(.text) refers (Special) to use_no_semi.o(.text) for __I$use$semihosting
    sys_exit.o(.text) refers (Special) to indicate_semi.o(.text) for __semihosting_library_function
    _get_argv_nomalloc.o(.text) refers (Special) to hrguard.o(.text) for __heap_region$guard
    _get_argv_nomalloc.o(.text) refers to defsig_rtmem_outer.o(.text) for __rt_SIGRTMEM
    _get_argv_nomalloc.o(.text) refers to sys_command.o(.text) for _sys_command_string
    libshutdown.o(.ARM.Collect$$libshutdown$$00000000) refers (Special) to libshutdown2.o(.ARM.Collect$$libshutdown$$00000006) for __rt_lib_shutdown_fp_trap_1
    libshutdown.o(.ARM.Collect$$libshutdown$$00000000) refers (Special) to libshutdown2.o(.ARM.Collect$$libshutdown$$0000000E) for __rt_lib_shutdown_heap_1
    libshutdown.o(.ARM.Collect$$libshutdown$$00000000) refers (Special) to libshutdown2.o(.ARM.Collect$$libshutdown$$0000000F) for __rt_lib_shutdown_return
    libshutdown.o(.ARM.Collect$$libshutdown$$00000000) refers (Special) to libshutdown2.o(.ARM.Collect$$libshutdown$$00000009) for __rt_lib_shutdown_signal_1
    libshutdown.o(.ARM.Collect$$libshutdown$$00000000) refers (Special) to libshutdown2.o(.ARM.Collect$$libshutdown$$00000003) for __rt_lib_shutdown_stdio_1
    libshutdown.o(.ARM.Collect$$libshutdown$$00000000) refers (Special) to libshutdown2.o(.ARM.Collect$$libshutdown$$0000000B) for __rt_lib_shutdown_user_alloc_1
    sys_command.o(.text) refers (Special) to use_no_semi.o(.text) for __I$use$semihosting
    sys_command.o(.text) refers (Special) to indicate_semi.o(.text) for __semihosting_library_function
    defsig_rtmem_outer.o(.text) refers to defsig_rtmem_inner.o(.text) for __rt_SIGRTMEM_inner
    defsig_rtmem_outer.o(.text) refers to defsig_exit.o(.text) for __sig_exit
    defsig_rtmem_formal.o(.text) refers to rt_raise.o(.text) for __rt_raise
    rt_raise.o(.text) refers to __raise.o(.text) for __raise
    rt_raise.o(.text) refers to sys_exit.o(.text) for _sys_exit
    defsig_exit.o(.text) refers to sys_exit.o(.text) for _sys_exit
    defsig_rtmem_inner.o(.text) refers to defsig_general.o(.text) for __default_signal_display
    __raise.o(.text) refers to defsig.o(CL$$defsig) for __default_signal_handler
    defsig_general.o(.text) refers to sys_wrch.o(.text) for _ttywrch
    sys_wrch.o(.text) refers (Special) to use_no_semi.o(.text) for __I$use$semihosting
    sys_wrch.o(.text) refers (Special) to indicate_semi.o(.text) for __semihosting_library_function
    defsig.o(CL$$defsig) refers to defsig_rtmem_inner.o(.text) for __rt_SIGRTMEM_inner
    defsig_abrt_inner.o(.text) refers to defsig_general.o(.text) for __default_signal_display
    defsig_fpe_inner.o(.text) refers to defsig_general.o(.text) for __default_signal_display
    defsig_rtred_inner.o(.text) refers to defsig_general.o(.text) for __default_signal_display
    defsig_stak_inner.o(.text) refers to defsig_general.o(.text) for __default_signal_display
    defsig_pvfn_inner.o(.text) refers to defsig_general.o(.text) for __default_signal_display
    defsig_cppl_inner.o(.text) refers to defsig_general.o(.text) for __default_signal_display
    defsig_segv_inner.o(.text) refers to defsig_general.o(.text) for __default_signal_display
    defsig_other.o(.text) refers to defsig_general.o(.text) for __default_signal_display


==============================================================================

Image Symbol Table

    Local Symbols

    Symbol Name                              Value     Ov Type        Size  Object(Section)

    RESET                                    0x00000000   Section      660  startup_tm4c123.o(RESET)
    ../clib/angel/boardlib.s                 0x00000000   Number         0  boardinit3.o ABSOLUTE
    ../clib/angel/boardlib.s                 0x00000000   Number         0  boardinit2.o ABSOLUTE
    ../clib/angel/boardlib.s                 0x00000000   Number         0  boardinit1.o ABSOLUTE
    ../clib/angel/boardlib.s                 0x00000000   Number         0  boardshut.o ABSOLUTE
    ../clib/angel/handlers.s                 0x00000000   Number         0  __scatter_copy.o ABSOLUTE
    ../clib/angel/handlers.s                 0x00000000   Number         0  __scatter_zi.o ABSOLUTE
    ../clib/angel/kernel.s                   0x00000000   Number         0  rtentry.o ABSOLUTE
    ../clib/angel/kernel.s                   0x00000000   Number         0  rtentry2.o ABSOLUTE
    ../clib/angel/kernel.s                   0x00000000   Number         0  rtentry4.o ABSOLUTE
    ../clib/angel/kernel.s                   0x00000000   Number         0  rtexit.o ABSOLUTE
    ../clib/angel/kernel.s                   0x00000000   Number         0  rtexit2.o ABSOLUTE
    ../clib/angel/rt.s                       0x00000000   Number         0  rt_errno_addr_intlibspace.o ABSOLUTE
    ../clib/angel/rt.s                       0x00000000   Number         0  rt_raise.o ABSOLUTE
    ../clib/angel/rt.s                       0x00000000   Number         0  rt_errno_addr.o ABSOLUTE
    ../clib/angel/scatter.s                  0x00000000   Number         0  __scatter.o ABSOLUTE
    ../clib/angel/startup.s                  0x00000000   Number         0  __main.o ABSOLUTE
    ../clib/angel/sys.s                      0x00000000   Number         0  sys_stackheap_outer.o ABSOLUTE
    ../clib/angel/sys.s                      0x00000000   Number         0  use_no_semi.o ABSOLUTE
    ../clib/angel/sys.s                      0x00000000   Number         0  libspace.o ABSOLUTE
    ../clib/angel/sys.s                      0x00000000   Number         0  indicate_semi.o ABSOLUTE
    ../clib/angel/sysapp.c                   0x00000000   Number         0  sys_wrch.o ABSOLUTE
    ../clib/angel/sysapp.c                   0x00000000   Number         0  sys_command.o ABSOLUTE
    ../clib/angel/sysapp.c                   0x00000000   Number         0  sys_exit.o ABSOLUTE
    ../clib/armsys.c                         0x00000000   Number         0  argv_veneer.o ABSOLUTE
    ../clib/armsys.c                         0x00000000   Number         0  no_argv.o ABSOLUTE
    ../clib/armsys.c                         0x00000000   Number         0  _get_argv_nomalloc.o ABSOLUTE
    ../clib/armsys.c                         0x00000000   Number         0  argv_veneer.o ABSOLUTE
    ../clib/fenv.c                           0x00000000   Number         0  _rserrno.o ABSOLUTE
    ../clib/heapalloc.c                      0x00000000   Number         0  hrguard.o ABSOLUTE
    ../clib/libinit.s                        0x00000000   Number         0  libinit.o ABSOLUTE
    ../clib/libinit.s                        0x00000000   Number         0  libinit2.o ABSOLUTE
    ../clib/libinit.s                        0x00000000   Number         0  libshutdown.o ABSOLUTE
    ../clib/libinit.s                        0x00000000   Number         0  libshutdown2.o ABSOLUTE
    ../clib/signal.c                         0x00000000   Number         0  defsig_other.o ABSOLUTE
    ../clib/signal.c                         0x00000000   Number         0  defsig_segv_inner.o ABSOLUTE
    ../clib/signal.c                         0x00000000   Number         0  __raise.o ABSOLUTE
    ../clib/signal.c                         0x00000000   Number         0  defsig_rtmem_inner.o ABSOLUTE
    ../clib/signal.c                         0x00000000   Number         0  defsig_exit.o ABSOLUTE
    ../clib/signal.c                         0x00000000   Number         0  defsig_general.o ABSOLUTE
    ../clib/signal.c                         0x00000000   Number         0  defsig_rtmem_outer.o ABSOLUTE
    ../clib/signal.c                         0x00000000   Number         0  defsig_fpe_inner.o ABSOLUTE
    ../clib/signal.c                         0x00000000   Number         0  defsig_rtmem_formal.o ABSOLUTE
    ../clib/signal.c                         0x00000000   Number         0  defsig_stak_inner.o ABSOLUTE
    ../clib/signal.c                         0x00000000   Number         0  defsig_rtred_inner.o ABSOLUTE
    ../clib/signal.c                         0x00000000   Number         0  defsig_pvfn_inner.o ABSOLUTE
    ../clib/signal.c                         0x00000000   Number         0  defsig_cppl_inner.o ABSOLUTE
    ../clib/signal.c                         0x00000000   Number         0  defsig_abrt_inner.o ABSOLUTE
    ../clib/signal.s                         0x00000000   Number         0  defsig.o ABSOLUTE
    ../clib/stdlib.c                         0x00000000   Number         0  exit.o ABSOLUTE
    ../fplib/basic.s                         0x00000000   Number         0  basic.o ABSOLUTE
    ../fplib/d2f.s                           0x00000000   Number         0  d2f.o ABSOLUTE
    ../fplib/daddsub.s                       0x00000000   Number         0  daddsub_clz.o ABSOLUTE
    ../fplib/dcheck1.s                       0x00000000   Number         0  dcheck1.o ABSOLUTE
    ../fplib/dcmpi.s                         0x00000000   Number         0  dcmpi.o ABSOLUTE
    ../fplib/ddiv.s                          0x00000000   Number         0  ddiv.o ABSOLUTE
    ../fplib/deqf.s                          0x00000000   Number         0  deqf.o ABSOLUTE
    ../fplib/dflt.s                          0x00000000   Number         0  dflt_clz.o ABSOLUTE
    ../fplib/dleqf.s                         0x00000000   Number         0  dleqf.o ABSOLUTE
    ../fplib/dmul.s                          0x00000000   Number         0  dmul.o ABSOLUTE
    ../fplib/dnaninf.s                       0x00000000   Number         0  dnaninf.o ABSOLUTE
    ../fplib/dretinf.s                       0x00000000   Number         0  dretinf.o ABSOLUTE
    ../fplib/drleqf.s                        0x00000000   Number         0  drleqf.o ABSOLUTE
    ../fplib/dsqrt.s                         0x00000000   Number         0  dsqrt_umaal.o ABSOLUTE
    ../fplib/f2d.s                           0x00000000   Number         0  f2d.o ABSOLUTE
    ../fplib/fnaninf.s                       0x00000000   Number         0  fnaninf.o ABSOLUTE
    ../fplib/fpinit.s                        0x00000000   Number         0  fpinit.o ABSOLUTE
    ../fplib/fretinf.s                       0x00000000   Number         0  fretinf.o ABSOLUTE
    ../fplib/retnan.s                        0x00000000   Number         0  retnan.o ABSOLUTE
    ../fplib/scalbn.s                        0x00000000   Number         0  scalbn.o ABSOLUTE
    ../fplib/trapv.s                         0x00000000   Number         0  trapv.o ABSOLUTE
    ../fplib/usenofp.s                       0x00000000   Number         0  usenofp.o ABSOLUTE
    ../mathlib/dunder.c                      0x00000000   Number         0  dunder.o ABSOLUTE
    ../mathlib/fabs.c                        0x00000000   Number         0  fabs.o ABSOLUTE
    ../mathlib/fpclassify.c                  0x00000000   Number         0  fpclassify.o ABSOLUTE
    ../mathlib/poly.c                        0x00000000   Number         0  poly.o ABSOLUTE
    ../mathlib/pow.c                         0x00000000   Number         0  pow_x.o ABSOLUTE
    ../mathlib/pow.c                         0x00000000   Number         0  pow.o ABSOLUTE
    ../mathlib/qnan.c                        0x00000000   Number         0  qnan.o ABSOLUTE
    ../mathlib/sqrt.c                        0x00000000   Number         0  sqrt.o ABSOLUTE
    ../mathlib/sqrt.c                        0x00000000   Number         0  sqrt_x.o ABSOLUTE
    FileMain.c                               0x00000000   Number         0  filemain.o ABSOLUTE
    dc.s                                     0x00000000   Number         0  dc.o ABSOLUTE
    startup_TM4C123.s                        0x00000000   Number         0  startup_tm4c123.o ABSOLUTE
    $v0                                      0x0000026c   Number         0  startup_tm4c123.o(RESET)
    !!!main                                  0x00000294   Section        8  __main.o(!!!main)
    !!!scatter                               0x0000029c   Section       52  __scatter.o(!!!scatter)
    !!handler_copy                           0x000002d0   Section       26  __scatter_copy.o(!!handler_copy)
    !!handler_zi                             0x000002ec   Section       28  __scatter_zi.o(!!handler_zi)
    .ARM.Collect$$libinit$$00000000          0x00000308   Section        2  libinit.o(.ARM.Collect$$libinit$$00000000)
    .ARM.Collect$$libinit$$00000001          0x0000030a   Section        4  libinit2.o(.ARM.Collect$$libinit$$00000001)
    .ARM.Collect$$libinit$$00000008          0x0000030e   Section        0  libinit2.o(.ARM.Collect$$libinit$$00000008)
    .ARM.Collect$$libinit$$0000000A          0x0000030e   Section        0  libinit2.o(.ARM.Collect$$libinit$$0000000A)
    .ARM.Collect$$libinit$$0000000C          0x0000030e   Section        0  libinit2.o(.ARM.Collect$$libinit$$0000000C)
    .ARM.Collect$$libinit$$0000000F          0x0000030e   Section        0  libinit2.o(.ARM.Collect$$libinit$$0000000F)
    .ARM.Collect$$libinit$$00000011          0x0000030e   Section        0  libinit2.o(.ARM.Collect$$libinit$$00000011)
    .ARM.Collect$$libinit$$00000013          0x0000030e   Section        0  libinit2.o(.ARM.Collect$$libinit$$00000013)
    .ARM.Collect$$libinit$$00000015          0x0000030e   Section        0  libinit2.o(.ARM.Collect$$libinit$$00000015)
    .ARM.Collect$$libinit$$00000017          0x0000030e   Section        0  libinit2.o(.ARM.Collect$$libinit$$00000017)
    .ARM.Collect$$libinit$$00000019          0x0000030e   Section        0  libinit2.o(.ARM.Collect$$libinit$$00000019)
    .ARM.Collect$$libinit$$0000001B          0x0000030e   Section        0  libinit2.o(.ARM.Collect$$libinit$$0000001B)
    .ARM.Collect$$libinit$$0000001D          0x0000030e   Section        0  libinit2.o(.ARM.Collect$$libinit$$0000001D)
    .ARM.Collect$$libinit$$0000001F          0x0000030e   Section        0  libinit2.o(.ARM.Collect$$libinit$$0000001F)
    .ARM.Collect$$libinit$$00000021          0x0000030e   Section        0  libinit2.o(.ARM.Collect$$libinit$$00000021)
    .ARM.Collect$$libinit$$00000023          0x0000030e   Section        0  libinit2.o(.ARM.Collect$$libinit$$00000023)
    .ARM.Collect$$libinit$$0000002A          0x0000030e   Section        0  libinit2.o(.ARM.Collect$$libinit$$0000002A)
    .ARM.Collect$$libinit$$0000002C          0x0000030e   Section        0  libinit2.o(.ARM.Collect$$libinit$$0000002C)
    .ARM.Collect$$libinit$$0000002E          0x0000030e   Section        0  libinit2.o(.ARM.Collect$$libinit$$0000002E)
    .ARM.Collect$$libinit$$00000030          0x0000030e   Section        0  libinit2.o(.ARM.Collect$$libinit$$00000030)
    .ARM.Collect$$libinit$$00000031          0x0000030e   Section        2  libinit2.o(.ARM.Collect$$libinit$$00000031)
    .ARM.Collect$$libshutdown$$00000000      0x00000310   Section        2  libshutdown.o(.ARM.Collect$$libshutdown$$00000000)
    .ARM.Collect$$libshutdown$$00000003      0x00000312   Section        0  libshutdown2.o(.ARM.Collect$$libshutdown$$00000003)
    .ARM.Collect$$libshutdown$$00000006      0x00000312   Section        0  libshutdown2.o(.ARM.Collect$$libshutdown$$00000006)
    .ARM.Collect$$libshutdown$$00000009      0x00000312   Section        0  libshutdown2.o(.ARM.Collect$$libshutdown$$00000009)
    .ARM.Collect$$libshutdown$$0000000B      0x00000312   Section        0  libshutdown2.o(.ARM.Collect$$libshutdown$$0000000B)
    .ARM.Collect$$libshutdown$$0000000E      0x00000312   Section        0  libshutdown2.o(.ARM.Collect$$libshutdown$$0000000E)
    .ARM.Collect$$libshutdown$$0000000F      0x00000312   Section        2  libshutdown2.o(.ARM.Collect$$libshutdown$$0000000F)
    .ARM.Collect$$rtentry$$00000000          0x00000314   Section        0  rtentry.o(.ARM.Collect$$rtentry$$00000000)
    .ARM.Collect$$rtentry$$00000002          0x00000314   Section        0  rtentry2.o(.ARM.Collect$$rtentry$$00000002)
    .ARM.Collect$$rtentry$$00000004          0x00000314   Section        6  rtentry4.o(.ARM.Collect$$rtentry$$00000004)
    .ARM.Collect$$rtentry$$00000009          0x0000031a   Section        0  rtentry2.o(.ARM.Collect$$rtentry$$00000009)
    .ARM.Collect$$rtentry$$0000000A          0x0000031a   Section        4  rtentry2.o(.ARM.Collect$$rtentry$$0000000A)
    .ARM.Collect$$rtentry$$0000000C          0x0000031e   Section        0  rtentry2.o(.ARM.Collect$$rtentry$$0000000C)
    .ARM.Collect$$rtentry$$0000000D          0x0000031e   Section        8  rtentry2.o(.ARM.Collect$$rtentry$$0000000D)
    .ARM.Collect$$rtexit$$00000000           0x00000326   Section        2  rtexit.o(.ARM.Collect$$rtexit$$00000000)
    .ARM.Collect$$rtexit$$00000002           0x00000328   Section        0  rtexit2.o(.ARM.Collect$$rtexit$$00000002)
    .ARM.Collect$$rtexit$$00000003           0x00000328   Section        4  rtexit2.o(.ARM.Collect$$rtexit$$00000003)
    .ARM.Collect$$rtexit$$00000004           0x0000032c   Section        6  rtexit2.o(.ARM.Collect$$rtexit$$00000004)
    .text                                    0x00000334   Section       48  startup_tm4c123.o(.text)
    $v0                                      0x00000334   Number         0  startup_tm4c123.o(.text)
    .text                                    0x00000364   Section        0  filemain.o(.text)
    .text                                    0x00000c64   Section        0  _rserrno.o(.text)
    .text                                    0x00000c7c   Section        8  rt_errno_addr_intlibspace.o(.text)
    .text                                    0x00000c84   Section        8  libspace.o(.text)
    .text                                    0x00000c8c   Section       74  sys_stackheap_outer.o(.text)
    .text                                    0x00000cd6   Section        0  exit.o(.text)
    .text                                    0x00000ce4   Section        0  sys_exit.o(.text)
    .text                                    0x00000cf0   Section        2  use_no_semi.o(.text)
    .text                                    0x00000cf2   Section        0  indicate_semi.o(.text)
    i.__ARM_fpclassify                       0x00000cf2   Section        0  fpclassify.o(i.__ARM_fpclassify)
    i.__hardfp_pow                           0x00000d28   Section        0  pow.o(i.__hardfp_pow)
    i.__kernel_poly                          0x000019b8   Section        0  poly.o(i.__kernel_poly)
    i.__mathlib_dbl_underflow                0x00001ab0   Section        0  dunder.o(i.__mathlib_dbl_underflow)
    i.fabs                                   0x00001ad0   Section        0  fabs.o(i.fabs)
    i.sqrt                                   0x00001af0   Section        0  sqrt.o(i.sqrt)
    x$fpl$basic                              0x00001b5e   Section       24  basic.o(x$fpl$basic)
    $v0                                      0x00001b5e   Number         0  basic.o(x$fpl$basic)
    x$fpl$d2f                                0x00001b78   Section       98  d2f.o(x$fpl$d2f)
    $v0                                      0x00001b78   Number         0  d2f.o(x$fpl$d2f)
    x$fpl$dadd                               0x00001bdc   Section      336  daddsub_clz.o(x$fpl$dadd)
    $v0                                      0x00001bdc   Number         0  daddsub_clz.o(x$fpl$dadd)
    _dadd1                                   0x00001bed   Thumb Code     0  daddsub_clz.o(x$fpl$dadd)
    x$fpl$dcheck1                            0x00001d2c   Section       16  dcheck1.o(x$fpl$dcheck1)
    $v0                                      0x00001d2c   Number         0  dcheck1.o(x$fpl$dcheck1)
    x$fpl$dcmpinf                            0x00001d3c   Section       24  dcmpi.o(x$fpl$dcmpinf)
    $v0                                      0x00001d3c   Number         0  dcmpi.o(x$fpl$dcmpinf)
    x$fpl$ddiv                               0x00001d54   Section      688  ddiv.o(x$fpl$ddiv)
    $v0                                      0x00001d54   Number         0  ddiv.o(x$fpl$ddiv)
    ddiv_entry                               0x00001d5b   Thumb Code     0  ddiv.o(x$fpl$ddiv)
    x$fpl$deqf                               0x00002004   Section      120  deqf.o(x$fpl$deqf)
    $v0                                      0x00002004   Number         0  deqf.o(x$fpl$deqf)
    x$fpl$dflt                               0x0000207c   Section       46  dflt_clz.o(x$fpl$dflt)
    $v0                                      0x0000207c   Number         0  dflt_clz.o(x$fpl$dflt)
    x$fpl$dfltu                              0x000020aa   Section       38  dflt_clz.o(x$fpl$dfltu)
    $v0                                      0x000020aa   Number         0  dflt_clz.o(x$fpl$dfltu)
    x$fpl$dleqf                              0x000020d0   Section      120  dleqf.o(x$fpl$dleqf)
    $v0                                      0x000020d0   Number         0  dleqf.o(x$fpl$dleqf)
    x$fpl$dmul                               0x00002148   Section      340  dmul.o(x$fpl$dmul)
    $v0                                      0x00002148   Number         0  dmul.o(x$fpl$dmul)
    x$fpl$dnaninf                            0x0000229c   Section      156  dnaninf.o(x$fpl$dnaninf)
    $v0                                      0x0000229c   Number         0  dnaninf.o(x$fpl$dnaninf)
    x$fpl$dretinf                            0x00002338   Section       12  dretinf.o(x$fpl$dretinf)
    $v0                                      0x00002338   Number         0  dretinf.o(x$fpl$dretinf)
    x$fpl$drleqf                             0x00002344   Section      108  drleqf.o(x$fpl$drleqf)
    $v0                                      0x00002344   Number         0  drleqf.o(x$fpl$drleqf)
    x$fpl$drsb                               0x000023b0   Section       22  daddsub_clz.o(x$fpl$drsb)
    $v0                                      0x000023b0   Number         0  daddsub_clz.o(x$fpl$drsb)
    x$fpl$dsqrt                              0x000023c8   Section      408  dsqrt_umaal.o(x$fpl$dsqrt)
    $v0                                      0x000023c8   Number         0  dsqrt_umaal.o(x$fpl$dsqrt)
    x$fpl$dsub                               0x00002560   Section      468  daddsub_clz.o(x$fpl$dsub)
    $v0                                      0x00002560   Number         0  daddsub_clz.o(x$fpl$dsub)
    _dsub1                                   0x00002571   Thumb Code     0  daddsub_clz.o(x$fpl$dsub)
    x$fpl$f2d                                0x00002734   Section       86  f2d.o(x$fpl$f2d)
    $v0                                      0x00002734   Number         0  f2d.o(x$fpl$f2d)
    x$fpl$fnaninf                            0x0000278a   Section      140  fnaninf.o(x$fpl$fnaninf)
    $v0                                      0x0000278a   Number         0  fnaninf.o(x$fpl$fnaninf)
    x$fpl$fpinit                             0x00002816   Section       10  fpinit.o(x$fpl$fpinit)
    $v0                                      0x00002816   Number         0  fpinit.o(x$fpl$fpinit)
    x$fpl$fretinf                            0x00002820   Section       10  fretinf.o(x$fpl$fretinf)
    $v0                                      0x00002820   Number         0  fretinf.o(x$fpl$fretinf)
    x$fpl$retnan                             0x0000282a   Section      100  retnan.o(x$fpl$retnan)
    $v0                                      0x0000282a   Number         0  retnan.o(x$fpl$retnan)
    x$fpl$scalbn                             0x0000288e   Section       92  scalbn.o(x$fpl$scalbn)
    $v0                                      0x0000288e   Number         0  scalbn.o(x$fpl$scalbn)
    x$fpl$trapveneer                         0x000028ea   Section       48  trapv.o(x$fpl$trapveneer)
    $v0                                      0x000028ea   Number         0  trapv.o(x$fpl$trapveneer)
    x$fpl$usenofp                            0x0000291a   Section        0  usenofp.o(x$fpl$usenofp)
    .constdata                               0x00002920   Section      136  pow.o(.constdata)
    bp                                       0x00002920   Data          16  pow.o(.constdata)
    dp_h                                     0x00002930   Data          16  pow.o(.constdata)
    dp_l                                     0x00002940   Data          16  pow.o(.constdata)
    L                                        0x00002950   Data          48  pow.o(.constdata)
    P                                        0x00002980   Data          40  pow.o(.constdata)
    .constdata                               0x000029a8   Section        8  qnan.o(.constdata)
    .data                                    0x20000000   Section       44  filemain.o(.data)
    .bss                                     0x2000002c   Section       20  filemain.o(.bss)
    .bss                                     0x20000040   Section       96  libspace.o(.bss)
    HEAP                                     0x200000a0   Section        0  startup_tm4c123.o(HEAP)
    STACK                                    0x200000a0   Section      256  startup_tm4c123.o(STACK)
    HeapMem                                  0x200000a0   Data           0  startup_tm4c123.o(HEAP)
    StackMem                                 0x200000a0   Data         256  startup_tm4c123.o(STACK)

    Global Symbols

    Symbol Name                              Value     Ov Type        Size  Object(Section)

    BuildAttributes$$THM_ISAv4$E$P$D$K$B$S$7EM$VFPi3$EXTD16$VFPS$VFMA$PE$A:L22UL41UL21$X:L11$S22US41US21$IEEE1$IW$USESV6$~STKCKD$USESV7$~SHL$OTIME$ROPI$IEEEX$EBA8$UX$STANDARDLIB$REQ8$PRES8$EABIv2 0x00000000   Number         0  anon$$obj.o ABSOLUTE
    __ARM_use_no_argv                        0x00000000   Number         0  filemain.o ABSOLUTE
    __Vectors                                0x00000000   Data           0  startup_tm4c123.o(RESET)
    __ARM_exceptions_init                     - Undefined Weak Reference
    __alloca_initialize                       - Undefined Weak Reference
    __cpp_initialize__aeabi_                  - Undefined Weak Reference
    __cxa_finalize                            - Undefined Weak Reference
    __rt_locale                               - Undefined Weak Reference
    __sigvec_lookup                           - Undefined Weak Reference
    _atexit_init                              - Undefined Weak Reference
    _call_atexit_fns                          - Undefined Weak Reference
    _clock_init                               - Undefined Weak Reference
    _fp_trap_init                             - Undefined Weak Reference
    _fp_trap_shutdown                         - Undefined Weak Reference
    _get_lc_collate                           - Undefined Weak Reference
    _get_lc_ctype                             - Undefined Weak Reference
    _get_lc_monetary                          - Undefined Weak Reference
    _get_lc_numeric                           - Undefined Weak Reference
    _get_lc_time                              - Undefined Weak Reference
    _getenv_init                              - Undefined Weak Reference
    _handle_redirection                       - Undefined Weak Reference
    _init_alloc                               - Undefined Weak Reference
    _init_user_alloc                          - Undefined Weak Reference
    _initio                                   - Undefined Weak Reference
    _rand_init                                - Undefined Weak Reference
    _signal_finish                            - Undefined Weak Reference
    _signal_init                              - Undefined Weak Reference
    _terminate_alloc                          - Undefined Weak Reference
    _terminate_user_alloc                     - Undefined Weak Reference
    _terminateio                              - Undefined Weak Reference
    Reset_Handler                            0x0000026d   Thumb Code     0  startup_tm4c123.o(RESET)
    NMI_Handler                              0x00000281   Thumb Code     2  startup_tm4c123.o(RESET)
    HardFault_Handler                        0x00000283   Thumb Code     2  startup_tm4c123.o(RESET)
    MemManage_Handler                        0x00000285   Thumb Code     2  startup_tm4c123.o(RESET)
    BusFault_Handler                         0x00000287   Thumb Code     2  startup_tm4c123.o(RESET)
    UsageFault_Handler                       0x00000289   Thumb Code     2  startup_tm4c123.o(RESET)
    SVC_Handler                              0x0000028b   Thumb Code     2  startup_tm4c123.o(RESET)
    DebugMon_Handler                         0x0000028d   Thumb Code     2  startup_tm4c123.o(RESET)
    PendSV_Handler                           0x0000028f   Thumb Code     2  startup_tm4c123.o(RESET)
    ADC0Seq0_Handler                         0x00000293   Thumb Code     0  startup_tm4c123.o(RESET)
    ADC0Seq1_Handler                         0x00000293   Thumb Code     0  startup_tm4c123.o(RESET)
    ADC0Seq2_Handler                         0x00000293   Thumb Code     0  startup_tm4c123.o(RESET)
    ADC0Seq3_Handler                         0x00000293   Thumb Code     0  startup_tm4c123.o(RESET)
    ADC1Seq0_Handler                         0x00000293   Thumb Code     0  startup_tm4c123.o(RESET)
    ADC1Seq1_Handler                         0x00000293   Thumb Code     0  startup_tm4c123.o(RESET)
    ADC1Seq2_Handler                         0x00000293   Thumb Code     0  startup_tm4c123.o(RESET)
    ADC1Seq3_Handler                         0x00000293   Thumb Code     0  startup_tm4c123.o(RESET)
    CAN0_Handler                             0x00000293   Thumb Code     0  startup_tm4c123.o(RESET)
    CAN1_Handler                             0x00000293   Thumb Code     0  startup_tm4c123.o(RESET)
    CAN2_Handler                             0x00000293   Thumb Code     0  startup_tm4c123.o(RESET)
    Comp0_Handler                            0x00000293   Thumb Code     0  startup_tm4c123.o(RESET)
    Comp1_Handler                            0x00000293   Thumb Code     0  startup_tm4c123.o(RESET)
    Comp2_Handler                            0x00000293   Thumb Code     0  startup_tm4c123.o(RESET)
    Ethernet_Handler                         0x00000293   Thumb Code     0  startup_tm4c123.o(RESET)
    ExtBus_Handler                           0x00000293   Thumb Code     0  startup_tm4c123.o(RESET)
    FPU_Handler                              0x00000293   Thumb Code     0  startup_tm4c123.o(RESET)
    Fan0_Handler                             0x00000293   Thumb Code     0  startup_tm4c123.o(RESET)
    FlashCtl_Handler                         0x00000293   Thumb Code     0  startup_tm4c123.o(RESET)
    GPIOPortA_Handler                        0x00000293   Thumb Code     0  startup_tm4c123.o(RESET)
    GPIOPortB_Handler                        0x00000293   Thumb Code     0  startup_tm4c123.o(RESET)
    GPIOPortC_Handler                        0x00000293   Thumb Code     0  startup_tm4c123.o(RESET)
    GPIOPortD_Handler                        0x00000293   Thumb Code     0  startup_tm4c123.o(RESET)
    GPIOPortE_Handler                        0x00000293   Thumb Code     0  startup_tm4c123.o(RESET)
    GPIOPortG_Handler                        0x00000293   Thumb Code     0  startup_tm4c123.o(RESET)
    GPIOPortH_Handler                        0x00000293   Thumb Code     0  startup_tm4c123.o(RESET)
    GPIOPortJ_Handler                        0x00000293   Thumb Code     0  startup_tm4c123.o(RESET)
    GPIOPortK_Handler                        0x00000293   Thumb Code     0  startup_tm4c123.o(RESET)
    GPIOPortL_Handler                        0x00000293   Thumb Code     0  startup_tm4c123.o(RESET)
    GPIOPortM_Handler                        0x00000293   Thumb Code     0  startup_tm4c123.o(RESET)
    GPIOPortN_Handler                        0x00000293   Thumb Code     0  startup_tm4c123.o(RESET)
    GPIOPortP1_Handler                       0x00000293   Thumb Code     0  startup_tm4c123.o(RESET)
    GPIOPortP2_Handler                       0x00000293   Thumb Code     0  startup_tm4c123.o(RESET)
    GPIOPortP3_Handler                       0x00000293   Thumb Code     0  startup_tm4c123.o(RESET)
    GPIOPortP4_Handler                       0x00000293   Thumb Code     0  startup_tm4c123.o(RESET)
    GPIOPortP5_Handler                       0x00000293   Thumb Code     0  startup_tm4c123.o(RESET)
    GPIOPortP6_Handler                       0x00000293   Thumb Code     0  startup_tm4c123.o(RESET)
    GPIOPortP7_Handler                       0x00000293   Thumb Code     0  startup_tm4c123.o(RESET)
    GPIOPortP_Handler                        0x00000293   Thumb Code     0  startup_tm4c123.o(RESET)
    GPIOPortQ1_Handler                       0x00000293   Thumb Code     0  startup_tm4c123.o(RESET)
    GPIOPortQ2_Handler                       0x00000293   Thumb Code     0  startup_tm4c123.o(RESET)
    GPIOPortQ3_Handler                       0x00000293   Thumb Code     0  startup_tm4c123.o(RESET)
    GPIOPortQ4_Handler                       0x00000293   Thumb Code     0  startup_tm4c123.o(RESET)
    GPIOPortQ5_Handler                       0x00000293   Thumb Code     0  startup_tm4c123.o(RESET)
    GPIOPortQ6_Handler                       0x00000293   Thumb Code     0  startup_tm4c123.o(RESET)
    GPIOPortQ7_Handler                       0x00000293   Thumb Code     0  startup_tm4c123.o(RESET)
    GPIOPortQ_Handler                        0x00000293   Thumb Code     0  startup_tm4c123.o(RESET)
    GPIOPortR_Handler                        0x00000293   Thumb Code     0  startup_tm4c123.o(RESET)
    GPIOPortS_Handler                        0x00000293   Thumb Code     0  startup_tm4c123.o(RESET)
    Hibernate_Handler                        0x00000293   Thumb Code     0  startup_tm4c123.o(RESET)
    I2C0_Handler                             0x00000293   Thumb Code     0  startup_tm4c123.o(RESET)
    I2C1_Handler                             0x00000293   Thumb Code     0  startup_tm4c123.o(RESET)
    I2C2_Handler                             0x00000293   Thumb Code     0  startup_tm4c123.o(RESET)
    I2C3_Handler                             0x00000293   Thumb Code     0  startup_tm4c123.o(RESET)
    I2C4_Handler                             0x00000293   Thumb Code     0  startup_tm4c123.o(RESET)
    I2C5_Handler                             0x00000293   Thumb Code     0  startup_tm4c123.o(RESET)
    I2S0_Handler                             0x00000293   Thumb Code     0  startup_tm4c123.o(RESET)
    LPC0_Handler                             0x00000293   Thumb Code     0  startup_tm4c123.o(RESET)
    PECI0_Handler                            0x00000293   Thumb Code     0  startup_tm4c123.o(RESET)
    PWM0Fault_Handler                        0x00000293   Thumb Code     0  startup_tm4c123.o(RESET)
    PWM0Generator0_Handler                   0x00000293   Thumb Code     0  startup_tm4c123.o(RESET)
    PWM0Generator1_Handler                   0x00000293   Thumb Code     0  startup_tm4c123.o(RESET)
    PWM0Generator2_Handler                   0x00000293   Thumb Code     0  startup_tm4c123.o(RESET)
    PWM0Generator3_Handler                   0x00000293   Thumb Code     0  startup_tm4c123.o(RESET)
    PWM1Fault_Handler                        0x00000293   Thumb Code     0  startup_tm4c123.o(RESET)
    PWM1Generator0_Handler                   0x00000293   Thumb Code     0  startup_tm4c123.o(RESET)
    PWM1Generator1_Handler                   0x00000293   Thumb Code     0  startup_tm4c123.o(RESET)
    PWM1Generator2_Handler                   0x00000293   Thumb Code     0  startup_tm4c123.o(RESET)
    PWM1Generator3_Handler                   0x00000293   Thumb Code     0  startup_tm4c123.o(RESET)
    Quadrature0_Handler                      0x00000293   Thumb Code     0  startup_tm4c123.o(RESET)
    Quadrature1_Handler                      0x00000293   Thumb Code     0  startup_tm4c123.o(RESET)
    Quadrature2_Handler                      0x00000293   Thumb Code     0  startup_tm4c123.o(RESET)
    SSI0_Handler                             0x00000293   Thumb Code     0  startup_tm4c123.o(RESET)
    SSI1_Handler                             0x00000293   Thumb Code     0  startup_tm4c123.o(RESET)
    SSI2_Handler                             0x00000293   Thumb Code     0  startup_tm4c123.o(RESET)
    SSI3_Handler                             0x00000293   Thumb Code     0  startup_tm4c123.o(RESET)
    SysCtl_Handler                           0x00000293   Thumb Code     0  startup_tm4c123.o(RESET)
    Timer0A_Handler                          0x00000293   Thumb Code     0  startup_tm4c123.o(RESET)
    Timer0B_Handler                          0x00000293   Thumb Code     0  startup_tm4c123.o(RESET)
    Timer1A_Handler                          0x00000293   Thumb Code     0  startup_tm4c123.o(RESET)
    Timer1B_Handler                          0x00000293   Thumb Code     0  startup_tm4c123.o(RESET)
    Timer2A_Handler                          0x00000293   Thumb Code     0  startup_tm4c123.o(RESET)
    Timer2B_Handler                          0x00000293   Thumb Code     0  startup_tm4c123.o(RESET)
    Timer3A_Handler                          0x00000293   Thumb Code     0  startup_tm4c123.o(RESET)
    Timer3B_Handler                          0x00000293   Thumb Code     0  startup_tm4c123.o(RESET)
    Timer4A_Handler                          0x00000293   Thumb Code     0  startup_tm4c123.o(RESET)
    Timer4B_Handler                          0x00000293   Thumb Code     0  startup_tm4c123.o(RESET)
    Timer5A_Handler                          0x00000293   Thumb Code     0  startup_tm4c123.o(RESET)
    Timer5B_Handler                          0x00000293   Thumb Code     0  startup_tm4c123.o(RESET)
    UART0_Handler                            0x00000293   Thumb Code     0  startup_tm4c123.o(RESET)
    UART1_Handler                            0x00000293   Thumb Code     0  startup_tm4c123.o(RESET)
    UART2_Handler                            0x00000293   Thumb Code     0  startup_tm4c123.o(RESET)
    UART3_Handler                            0x00000293   Thumb Code     0  startup_tm4c123.o(RESET)
    UART4_Handler                            0x00000293   Thumb Code     0  startup_tm4c123.o(RESET)
    UART5_Handler                            0x00000293   Thumb Code     0  startup_tm4c123.o(RESET)
    UART6_Handler                            0x00000293   Thumb Code     0  startup_tm4c123.o(RESET)
    UART7_Handler                            0x00000293   Thumb Code     0  startup_tm4c123.o(RESET)
    USB0_Handler                             0x00000293   Thumb Code     0  startup_tm4c123.o(RESET)
    WDT_Handler                              0x00000293   Thumb Code     0  startup_tm4c123.o(RESET)
    WideTimer0A_Handler                      0x00000293   Thumb Code     0  startup_tm4c123.o(RESET)
    WideTimer0B_Handler                      0x00000293   Thumb Code     0  startup_tm4c123.o(RESET)
    WideTimer1A_Handler                      0x00000293   Thumb Code     0  startup_tm4c123.o(RESET)
    WideTimer1B_Handler                      0x00000293   Thumb Code     0  startup_tm4c123.o(RESET)
    WideTimer2A_Handler                      0x00000293   Thumb Code     0  startup_tm4c123.o(RESET)
    WideTimer2B_Handler                      0x00000293   Thumb Code     0  startup_tm4c123.o(RESET)
    WideTimer3A_Handler                      0x00000293   Thumb Code     0  startup_tm4c123.o(RESET)
    WideTimer3B_Handler                      0x00000293   Thumb Code     0  startup_tm4c123.o(RESET)
    WideTimer4A_Handler                      0x00000293   Thumb Code     0  startup_tm4c123.o(RESET)
    WideTimer4B_Handler                      0x00000293   Thumb Code     0  startup_tm4c123.o(RESET)
    WideTimer5A_Handler                      0x00000293   Thumb Code     0  startup_tm4c123.o(RESET)
    WideTimer5B_Handler                      0x00000293   Thumb Code     0  startup_tm4c123.o(RESET)
    uDMA_Error                               0x00000293   Thumb Code     0  startup_tm4c123.o(RESET)
    uDMA_Handler                             0x00000293   Thumb Code     0  startup_tm4c123.o(RESET)
    __main                                   0x00000295   Thumb Code     8  __main.o(!!!main)
    __scatterload                            0x0000029d   Thumb Code     0  __scatter.o(!!!scatter)
    __scatterload_rt2                        0x0000029d   Thumb Code    44  __scatter.o(!!!scatter)
    __scatterload_rt2_thumb_only             0x0000029d   Thumb Code     0  __scatter.o(!!!scatter)
    __scatterload_null                       0x000002ab   Thumb Code     0  __scatter.o(!!!scatter)
    __scatterload_copy                       0x000002d1   Thumb Code    26  __scatter_copy.o(!!handler_copy)
    __scatterload_zeroinit                   0x000002ed   Thumb Code    28  __scatter_zi.o(!!handler_zi)
    __rt_lib_init                            0x00000309   Thumb Code     0  libinit.o(.ARM.Collect$$libinit$$00000000)
    __rt_lib_init_fp_1                       0x0000030b   Thumb Code     0  libinit2.o(.ARM.Collect$$libinit$$00000001)
    __rt_lib_init_alloca_1                   0x0000030f   Thumb Code     0  libinit2.o(.ARM.Collect$$libinit$$0000002C)
    __rt_lib_init_argv_1                     0x0000030f   Thumb Code     0  libinit2.o(.ARM.Collect$$libinit$$0000002A)
    __rt_lib_init_atexit_1                   0x0000030f   Thumb Code     0  libinit2.o(.ARM.Collect$$libinit$$00000019)
    __rt_lib_init_clock_1                    0x0000030f   Thumb Code     0  libinit2.o(.ARM.Collect$$libinit$$0000001F)
    __rt_lib_init_cpp_1                      0x0000030f   Thumb Code     0  libinit2.o(.ARM.Collect$$libinit$$00000030)
    __rt_lib_init_exceptions_1               0x0000030f   Thumb Code     0  libinit2.o(.ARM.Collect$$libinit$$0000002E)
    __rt_lib_init_fp_trap_1                  0x0000030f   Thumb Code     0  libinit2.o(.ARM.Collect$$libinit$$0000001D)
    __rt_lib_init_getenv_1                   0x0000030f   Thumb Code     0  libinit2.o(.ARM.Collect$$libinit$$00000021)
    __rt_lib_init_heap_1                     0x0000030f   Thumb Code     0  libinit2.o(.ARM.Collect$$libinit$$00000008)
    __rt_lib_init_lc_collate_1               0x0000030f   Thumb Code     0  libinit2.o(.ARM.Collect$$libinit$$0000000F)
    __rt_lib_init_lc_ctype_1                 0x0000030f   Thumb Code     0  libinit2.o(.ARM.Collect$$libinit$$00000011)
    __rt_lib_init_lc_monetary_1              0x0000030f   Thumb Code     0  libinit2.o(.ARM.Collect$$libinit$$00000013)
    __rt_lib_init_lc_numeric_1               0x0000030f   Thumb Code     0  libinit2.o(.ARM.Collect$$libinit$$00000015)
    __rt_lib_init_lc_time_1                  0x0000030f   Thumb Code     0  libinit2.o(.ARM.Collect$$libinit$$00000017)
    __rt_lib_init_rand_1                     0x0000030f   Thumb Code     0  libinit2.o(.ARM.Collect$$libinit$$0000000C)
    __rt_lib_init_return                     0x0000030f   Thumb Code     0  libinit2.o(.ARM.Collect$$libinit$$00000031)
    __rt_lib_init_signal_1                   0x0000030f   Thumb Code     0  libinit2.o(.ARM.Collect$$libinit$$0000001B)
    __rt_lib_init_stdio_1                    0x0000030f   Thumb Code     0  libinit2.o(.ARM.Collect$$libinit$$00000023)
    __rt_lib_init_user_alloc_1               0x0000030f   Thumb Code     0  libinit2.o(.ARM.Collect$$libinit$$0000000A)
    __rt_lib_shutdown                        0x00000311   Thumb Code     0  libshutdown.o(.ARM.Collect$$libshutdown$$00000000)
    __rt_lib_shutdown_fp_trap_1              0x00000313   Thumb Code     0  libshutdown2.o(.ARM.Collect$$libshutdown$$00000006)
    __rt_lib_shutdown_heap_1                 0x00000313   Thumb Code     0  libshutdown2.o(.ARM.Collect$$libshutdown$$0000000E)
    __rt_lib_shutdown_return                 0x00000313   Thumb Code     0  libshutdown2.o(.ARM.Collect$$libshutdown$$0000000F)
    __rt_lib_shutdown_signal_1               0x00000313   Thumb Code     0  libshutdown2.o(.ARM.Collect$$libshutdown$$00000009)
    __rt_lib_shutdown_stdio_1                0x00000313   Thumb Code     0  libshutdown2.o(.ARM.Collect$$libshutdown$$00000003)
    __rt_lib_shutdown_user_alloc_1           0x00000313   Thumb Code     0  libshutdown2.o(.ARM.Collect$$libshutdown$$0000000B)
    __rt_entry                               0x00000315   Thumb Code     0  rtentry.o(.ARM.Collect$$rtentry$$00000000)
    __rt_entry_presh_1                       0x00000315   Thumb Code     0  rtentry2.o(.ARM.Collect$$rtentry$$00000002)
    __rt_entry_sh                            0x00000315   Thumb Code     0  rtentry4.o(.ARM.Collect$$rtentry$$00000004)
    __rt_entry_li                            0x0000031b   Thumb Code     0  rtentry2.o(.ARM.Collect$$rtentry$$0000000A)
    __rt_entry_postsh_1                      0x0000031b   Thumb Code     0  rtentry2.o(.ARM.Collect$$rtentry$$00000009)
    __rt_entry_main                          0x0000031f   Thumb Code     0  rtentry2.o(.ARM.Collect$$rtentry$$0000000D)
    __rt_entry_postli_1                      0x0000031f   Thumb Code     0  rtentry2.o(.ARM.Collect$$rtentry$$0000000C)
    __rt_exit                                0x00000327   Thumb Code     0  rtexit.o(.ARM.Collect$$rtexit$$00000000)
    __rt_exit_ls                             0x00000329   Thumb Code     0  rtexit2.o(.ARM.Collect$$rtexit$$00000003)
    __rt_exit_prels_1                        0x00000329   Thumb Code     0  rtexit2.o(.ARM.Collect$$rtexit$$00000002)
    __rt_exit_exit                           0x0000032d   Thumb Code     0  rtexit2.o(.ARM.Collect$$rtexit$$00000004)
    DisableInterrupts                        0x00000335   Thumb Code     0  startup_tm4c123.o(.text)
    EnableInterrupts                         0x00000339   Thumb Code     0  startup_tm4c123.o(.text)
    StartCritical                            0x0000033d   Thumb Code     0  startup_tm4c123.o(.text)
    EndCritical                              0x00000345   Thumb Code     0  startup_tm4c123.o(.text)
    WaitForInterrupt                         0x0000034b   Thumb Code     0  startup_tm4c123.o(.text)
    __user_initial_stackheap                 0x0000034f   Thumb Code     0  startup_tm4c123.o(.text)
    Timer1A_Init                             0x00000365   Thumb Code   130  filemain.o(.text)
    reverse                                  0x000003e7   Thumb Code    28  filemain.o(.text)
    intToStr                                 0x00000403   Thumb Code    72  filemain.o(.text)
    ftoa                                     0x0000044b   Thumb Code   182  filemain.o(.text)
    SysTickConfig                            0x00000501   Thumb Code    26  filemain.o(.text)
    GPIO_Port_Init                           0x0000051b   Thumb Code   252  filemain.o(.text)
    Delay                                    0x00000617   Thumb Code    44  filemain.o(.text)
    LCD_Send_Command                         0x00000643   Thumb Code    72  filemain.o(.text)
    LCD_Send_Data                            0x0000068b   Thumb Code    72  filemain.o(.text)
    LCD_Init                                 0x000006d3   Thumb Code    48  filemain.o(.text)
    LCD_Clear                                0x00000703   Thumb Code    28  filemain.o(.text)
    LCD_Send_String                          0x0000071f   Thumb Code    22  filemain.o(.text)
    LCD_GoTo_XY                              0x00000735   Thumb Code   104  filemain.o(.text)
    main                                     0x0000079d   Thumb Code   134  filemain.o(.text)
    SysTick_Handler                          0x00000823   Thumb Code    52  filemain.o(.text)
    GPIOPortF_Handler                        0x00000857   Thumb Code  1028  filemain.o(.text)
    __read_errno                             0x00000c65   Thumb Code    10  _rserrno.o(.text)
    __set_errno                              0x00000c6f   Thumb Code    12  _rserrno.o(.text)
    __aeabi_errno_addr                       0x00000c7d   Thumb Code     8  rt_errno_addr_intlibspace.o(.text)
    __errno$intlibspace                      0x00000c7d   Thumb Code     0  rt_errno_addr_intlibspace.o(.text)
    __rt_errno_addr$intlibspace              0x00000c7d   Thumb Code     0  rt_errno_addr_intlibspace.o(.text)
    __user_libspace                          0x00000c85   Thumb Code     8  libspace.o(.text)
    __user_perproc_libspace                  0x00000c85   Thumb Code     0  libspace.o(.text)
    __user_perthread_libspace                0x00000c85   Thumb Code     0  libspace.o(.text)
    __user_setup_stackheap                   0x00000c8d   Thumb Code    74  sys_stackheap_outer.o(.text)
    exit                                     0x00000cd7   Thumb Code    12  exit.o(.text)
    _sys_exit                                0x00000ce5   Thumb Code     8  sys_exit.o(.text)
    __I$use$semihosting                      0x00000cf1   Thumb Code     0  use_no_semi.o(.text)
    __use_no_semihosting_swi                 0x00000cf1   Thumb Code     2  use_no_semi.o(.text)
    __ARM_fpclassify                         0x00000cf3   Thumb Code    48  fpclassify.o(i.__ARM_fpclassify)
    __semihosting_library_function           0x00000cf3   Thumb Code     0  indicate_semi.o(.text)
    __hardfp_pow                             0x00000d29   Thumb Code  3132  pow.o(i.__hardfp_pow)
    __kernel_poly                            0x000019b9   Thumb Code   248  poly.o(i.__kernel_poly)
    __mathlib_dbl_underflow                  0x00001ab1   Thumb Code    24  dunder.o(i.__mathlib_dbl_underflow)
    fabs                                     0x00001ad1   Thumb Code    32  fabs.o(i.fabs)
    sqrt                                     0x00001af1   Thumb Code   110  sqrt.o(i.sqrt)
    __aeabi_dneg                             0x00001b5f   Thumb Code     0  basic.o(x$fpl$basic)
    _dneg                                    0x00001b5f   Thumb Code     6  basic.o(x$fpl$basic)
    __aeabi_fneg                             0x00001b65   Thumb Code     0  basic.o(x$fpl$basic)
    _fneg                                    0x00001b65   Thumb Code     6  basic.o(x$fpl$basic)
    _dabs                                    0x00001b6b   Thumb Code     6  basic.o(x$fpl$basic)
    _fabs                                    0x00001b71   Thumb Code     6  basic.o(x$fpl$basic)
    __aeabi_d2f                              0x00001b79   Thumb Code     0  d2f.o(x$fpl$d2f)
    _d2f                                     0x00001b79   Thumb Code    98  d2f.o(x$fpl$d2f)
    __aeabi_dadd                             0x00001bdd   Thumb Code     0  daddsub_clz.o(x$fpl$dadd)
    _dadd                                    0x00001bdd   Thumb Code   332  daddsub_clz.o(x$fpl$dadd)
    __fpl_dcheck_NaN1                        0x00001d2d   Thumb Code    10  dcheck1.o(x$fpl$dcheck1)
    __fpl_dcmp_Inf                           0x00001d3d   Thumb Code    24  dcmpi.o(x$fpl$dcmpinf)
    __aeabi_ddiv                             0x00001d55   Thumb Code     0  ddiv.o(x$fpl$ddiv)
    _ddiv                                    0x00001d55   Thumb Code   552  ddiv.o(x$fpl$ddiv)
    __aeabi_cdcmpeq                          0x00002005   Thumb Code     0  deqf.o(x$fpl$deqf)
    _dcmpeq                                  0x00002005   Thumb Code   120  deqf.o(x$fpl$deqf)
    __aeabi_i2d                              0x0000207d   Thumb Code     0  dflt_clz.o(x$fpl$dflt)
    _dflt                                    0x0000207d   Thumb Code    46  dflt_clz.o(x$fpl$dflt)
    __aeabi_ui2d                             0x000020ab   Thumb Code     0  dflt_clz.o(x$fpl$dfltu)
    _dfltu                                   0x000020ab   Thumb Code    38  dflt_clz.o(x$fpl$dfltu)
    __aeabi_cdcmple                          0x000020d1   Thumb Code     0  dleqf.o(x$fpl$dleqf)
    _dcmple                                  0x000020d1   Thumb Code   120  dleqf.o(x$fpl$dleqf)
    __fpl_dcmple_InfNaN                      0x00002133   Thumb Code     0  dleqf.o(x$fpl$dleqf)
    __aeabi_dmul                             0x00002149   Thumb Code     0  dmul.o(x$fpl$dmul)
    _dmul                                    0x00002149   Thumb Code   332  dmul.o(x$fpl$dmul)
    __fpl_dnaninf                            0x0000229d   Thumb Code   156  dnaninf.o(x$fpl$dnaninf)
    __fpl_dretinf                            0x00002339   Thumb Code    12  dretinf.o(x$fpl$dretinf)
    __aeabi_cdrcmple                         0x00002345   Thumb Code     0  drleqf.o(x$fpl$drleqf)
    _drcmple                                 0x00002345   Thumb Code   108  drleqf.o(x$fpl$drleqf)
    __aeabi_drsub                            0x000023b1   Thumb Code     0  daddsub_clz.o(x$fpl$drsb)
    _drsb                                    0x000023b1   Thumb Code    22  daddsub_clz.o(x$fpl$drsb)
    _dsqrt                                   0x000023c9   Thumb Code   404  dsqrt_umaal.o(x$fpl$dsqrt)
    __aeabi_dsub                             0x00002561   Thumb Code     0  daddsub_clz.o(x$fpl$dsub)
    _dsub                                    0x00002561   Thumb Code   464  daddsub_clz.o(x$fpl$dsub)
    __aeabi_f2d                              0x00002735   Thumb Code     0  f2d.o(x$fpl$f2d)
    _f2d                                     0x00002735   Thumb Code    86  f2d.o(x$fpl$f2d)
    __fpl_fnaninf                            0x0000278b   Thumb Code   140  fnaninf.o(x$fpl$fnaninf)
    _fp_init                                 0x00002817   Thumb Code    10  fpinit.o(x$fpl$fpinit)
    __fplib_config_fpu_vfp                   0x0000281f   Thumb Code     0  fpinit.o(x$fpl$fpinit)
    __fplib_config_pureend_doubles           0x0000281f   Thumb Code     0  fpinit.o(x$fpl$fpinit)
    __fpl_fretinf                            0x00002821   Thumb Code    10  fretinf.o(x$fpl$fretinf)
    __fpl_return_NaN                         0x0000282b   Thumb Code   100  retnan.o(x$fpl$retnan)
    __ARM_scalbn                             0x0000288f   Thumb Code    92  scalbn.o(x$fpl$scalbn)
    __fpl_cmpreturn                          0x000028eb   Thumb Code    48  trapv.o(x$fpl$trapveneer)
    __I$use$fp                               0x0000291a   Number         0  usenofp.o(x$fpl$usenofp)
    __mathlib_zero                           0x000029a8   Data           8  qnan.o(.constdata)
    Region$$Table$$Base                      0x000029b0   Number         0  anon$$obj.o(Region$$Table)
    Region$$Table$$Limit                     0x000029d0   Number         0  anon$$obj.o(Region$$Table)
    catchans                                 0x20000000   Data           8  filemain.o(.data)
    beta                                     0x20000008   Data           8  filemain.o(.data)
    alpha                                    0x20000010   Data           8  filemain.o(.data)
    delta                                    0x20000018   Data           8  filemain.o(.data)
    newduty                                  0x20000020   Data           8  filemain.o(.data)
    TIM_A_MATCH                              0x20000028   Data           4  filemain.o(.data)
    res                                      0x2000002c   Data          20  filemain.o(.bss)
    __libspace_start                         0x20000040   Data          96  libspace.o(.bss)
    __temporary_stack_top$libspace           0x200000a0   Data           0  libspace.o(.bss)



==============================================================================

Memory Map of the image

  Image Entry point : 0x0000026d

  Load Region LR_1 (Base: 0x00000000, Size: 0x000029fc, Max: 0xffffffff, ABSOLUTE)

    Execution Region ER_RO (Base: 0x00000000, Size: 0x000029d0, Max: 0xffffffff, ABSOLUTE)

    Base Addr    Size         Type   Attr      Idx    E Section Name        Object

    0x00000000   0x00000294   Code   RO            3  * RESET               startup_tm4c123.o
    0x00000294   0x00000008   Code   RO           45  * !!!main             c_w.l(__main.o)
    0x0000029c   0x00000034   Code   RO          296    !!!scatter          c_w.l(__scatter.o)
    0x000002d0   0x0000001a   Code   RO          298    !!handler_copy      c_w.l(__scatter_copy.o)
    0x000002ea   0x00000002   PAD
    0x000002ec   0x0000001c   Code   RO          300    !!handler_zi        c_w.l(__scatter_zi.o)
    0x00000308   0x00000002   Code   RO          168    .ARM.Collect$$libinit$$00000000  c_w.l(libinit.o)
    0x0000030a   0x00000004   Code   RO          173    .ARM.Collect$$libinit$$00000001  c_w.l(libinit2.o)
    0x0000030e   0x00000000   Code   RO          177    .ARM.Collect$$libinit$$00000008  c_w.l(libinit2.o)
    0x0000030e   0x00000000   Code   RO          179    .ARM.Collect$$libinit$$0000000A  c_w.l(libinit2.o)
    0x0000030e   0x00000000   Code   RO          181    .ARM.Collect$$libinit$$0000000C  c_w.l(libinit2.o)
    0x0000030e   0x00000000   Code   RO          184    .ARM.Collect$$libinit$$0000000F  c_w.l(libinit2.o)
    0x0000030e   0x00000000   Code   RO          186    .ARM.Collect$$libinit$$00000011  c_w.l(libinit2.o)
    0x0000030e   0x00000000   Code   RO          188    .ARM.Collect$$libinit$$00000013  c_w.l(libinit2.o)
    0x0000030e   0x00000000   Code   RO          190    .ARM.Collect$$libinit$$00000015  c_w.l(libinit2.o)
    0x0000030e   0x00000000   Code   RO          192    .ARM.Collect$$libinit$$00000017  c_w.l(libinit2.o)
    0x0000030e   0x00000000   Code   RO          194    .ARM.Collect$$libinit$$00000019  c_w.l(libinit2.o)
    0x0000030e   0x00000000   Code   RO          196    .ARM.Collect$$libinit$$0000001B  c_w.l(libinit2.o)
    0x0000030e   0x00000000   Code   RO          198    .ARM.Collect$$libinit$$0000001D  c_w.l(libinit2.o)
    0x0000030e   0x00000000   Code   RO          200    .ARM.Collect$$libinit$$0000001F  c_w.l(libinit2.o)
    0x0000030e   0x00000000   Code   RO          202    .ARM.Collect$$libinit$$00000021  c_w.l(libinit2.o)
    0x0000030e   0x00000000   Code   RO          204    .ARM.Collect$$libinit$$00000023  c_w.l(libinit2.o)
    0x0000030e   0x00000000   Code   RO          208    .ARM.Collect$$libinit$$0000002A  c_w.l(libinit2.o)
    0x0000030e   0x00000000   Code   RO          210    .ARM.Collect$$libinit$$0000002C  c_w.l(libinit2.o)
    0x0000030e   0x00000000   Code   RO          212    .ARM.Collect$$libinit$$0000002E  c_w.l(libinit2.o)
    0x0000030e   0x00000000   Code   RO          214    .ARM.Collect$$libinit$$00000030  c_w.l(libinit2.o)
    0x0000030e   0x00000002   Code   RO          215    .ARM.Collect$$libinit$$00000031  c_w.l(libinit2.o)
    0x00000310   0x00000002   Code   RO          237    .ARM.Collect$$libshutdown$$00000000  c_w.l(libshutdown.o)
    0x00000312   0x00000000   Code   RO          251    .ARM.Collect$$libshutdown$$00000003  c_w.l(libshutdown2.o)
    0x00000312   0x00000000   Code   RO          254    .ARM.Collect$$libshutdown$$00000006  c_w.l(libshutdown2.o)
    0x00000312   0x00000000   Code   RO          257    .ARM.Collect$$libshutdown$$00000009  c_w.l(libshutdown2.o)
    0x00000312   0x00000000   Code   RO          259    .ARM.Collect$$libshutdown$$0000000B  c_w.l(libshutdown2.o)
    0x00000312   0x00000000   Code   RO          262    .ARM.Collect$$libshutdown$$0000000E  c_w.l(libshutdown2.o)
    0x00000312   0x00000002   Code   RO          263    .ARM.Collect$$libshutdown$$0000000F  c_w.l(libshutdown2.o)
    0x00000314   0x00000000   Code   RO           85    .ARM.Collect$$rtentry$$00000000  c_w.l(rtentry.o)
    0x00000314   0x00000000   Code   RO          131    .ARM.Collect$$rtentry$$00000002  c_w.l(rtentry2.o)
    0x00000314   0x00000006   Code   RO          143    .ARM.Collect$$rtentry$$00000004  c_w.l(rtentry4.o)
    0x0000031a   0x00000000   Code   RO          133    .ARM.Collect$$rtentry$$00000009  c_w.l(rtentry2.o)
    0x0000031a   0x00000004   Code   RO          134    .ARM.Collect$$rtentry$$0000000A  c_w.l(rtentry2.o)
    0x0000031e   0x00000000   Code   RO          136    .ARM.Collect$$rtentry$$0000000C  c_w.l(rtentry2.o)
    0x0000031e   0x00000008   Code   RO          137    .ARM.Collect$$rtentry$$0000000D  c_w.l(rtentry2.o)
    0x00000326   0x00000002   Code   RO          171    .ARM.Collect$$rtexit$$00000000  c_w.l(rtexit.o)
    0x00000328   0x00000000   Code   RO          219    .ARM.Collect$$rtexit$$00000002  c_w.l(rtexit2.o)
    0x00000328   0x00000004   Code   RO          220    .ARM.Collect$$rtexit$$00000003  c_w.l(rtexit2.o)
    0x0000032c   0x00000006   Code   RO          221    .ARM.Collect$$rtexit$$00000004  c_w.l(rtexit2.o)
    0x00000332   0x00000002   PAD
    0x00000334   0x00000030   Code   RO            4    .text               startup_tm4c123.o
    0x00000364   0x00000900   Code   RO           12    .text               filemain.o
    0x00000c64   0x00000016   Code   RO           86    .text               c_w.l(_rserrno.o)
    0x00000c7a   0x00000002   PAD
    0x00000c7c   0x00000008   Code   RO          148    .text               c_w.l(rt_errno_addr_intlibspace.o)
    0x00000c84   0x00000008   Code   RO          156    .text               c_w.l(libspace.o)
    0x00000c8c   0x0000004a   Code   RO          159    .text               c_w.l(sys_stackheap_outer.o)
    0x00000cd6   0x0000000c   Code   RO          161    .text               c_w.l(exit.o)
    0x00000ce2   0x00000002   PAD
    0x00000ce4   0x0000000c   Code   RO          229    .text               c_w.l(sys_exit.o)
    0x00000cf0   0x00000002   Code   RO          240    .text               c_w.l(use_no_semi.o)
    0x00000cf2   0x00000000   Code   RO          242    .text               c_w.l(indicate_semi.o)
    0x00000cf2   0x00000030   Code   RO          113    i.__ARM_fpclassify  m_wm.l(fpclassify.o)
    0x00000d22   0x00000006   PAD
    0x00000d28   0x00000c90   Code   RO           71    i.__hardfp_pow      m_wm.l(pow.o)
    0x000019b8   0x000000f8   Code   RO          115    i.__kernel_poly     m_wm.l(poly.o)
    0x00001ab0   0x00000020   Code   RO          105    i.__mathlib_dbl_underflow  m_wm.l(dunder.o)
    0x00001ad0   0x00000020   Code   RO          109    i.fabs              m_wm.l(fabs.o)
    0x00001af0   0x0000006e   Code   RO          120    i.sqrt              m_wm.l(sqrt.o)
    0x00001b5e   0x00000018   Code   RO           88    x$fpl$basic         fz_wm.l(basic.o)
    0x00001b76   0x00000002   PAD
    0x00001b78   0x00000062   Code   RO           47    x$fpl$d2f           fz_wm.l(d2f.o)
    0x00001bda   0x00000002   PAD
    0x00001bdc   0x00000150   Code   RO           49    x$fpl$dadd          fz_wm.l(daddsub_clz.o)
    0x00001d2c   0x00000010   Code   RO          150    x$fpl$dcheck1       fz_wm.l(dcheck1.o)
    0x00001d3c   0x00000018   Code   RO           90    x$fpl$dcmpinf       fz_wm.l(dcmpi.o)
    0x00001d54   0x000002b0   Code   RO           56    x$fpl$ddiv          fz_wm.l(ddiv.o)
    0x00002004   0x00000078   Code   RO           59    x$fpl$deqf          fz_wm.l(deqf.o)
    0x0000207c   0x0000002e   Code   RO           62    x$fpl$dflt          fz_wm.l(dflt_clz.o)
    0x000020aa   0x00000026   Code   RO           61    x$fpl$dfltu         fz_wm.l(dflt_clz.o)
    0x000020d0   0x00000078   Code   RO          152    x$fpl$dleqf         fz_wm.l(dleqf.o)
    0x00002148   0x00000154   Code   RO           67    x$fpl$dmul          fz_wm.l(dmul.o)
    0x0000229c   0x0000009c   Code   RO           92    x$fpl$dnaninf       fz_wm.l(dnaninf.o)
    0x00002338   0x0000000c   Code   RO           94    x$fpl$dretinf       fz_wm.l(dretinf.o)
    0x00002344   0x0000006c   Code   RO           96    x$fpl$drleqf        fz_wm.l(drleqf.o)
    0x000023b0   0x00000016   Code   RO           50    x$fpl$drsb          fz_wm.l(daddsub_clz.o)
    0x000023c6   0x00000002   PAD
    0x000023c8   0x00000198   Code   RO          154    x$fpl$dsqrt         fz_wm.l(dsqrt_umaal.o)
    0x00002560   0x000001d4   Code   RO           51    x$fpl$dsub          fz_wm.l(daddsub_clz.o)
    0x00002734   0x00000056   Code   RO           69    x$fpl$f2d           fz_wm.l(f2d.o)
    0x0000278a   0x0000008c   Code   RO           98    x$fpl$fnaninf       fz_wm.l(fnaninf.o)
    0x00002816   0x0000000a   Code   RO          227    x$fpl$fpinit        fz_wm.l(fpinit.o)
    0x00002820   0x0000000a   Code   RO          100    x$fpl$fretinf       fz_wm.l(fretinf.o)
    0x0000282a   0x00000064   Code   RO          169    x$fpl$retnan        fz_wm.l(retnan.o)
    0x0000288e   0x0000005c   Code   RO          102    x$fpl$scalbn        fz_wm.l(scalbn.o)
    0x000028ea   0x00000030   Code   RO          216    x$fpl$trapveneer    fz_wm.l(trapv.o)
    0x0000291a   0x00000000   Code   RO          104    x$fpl$usenofp       fz_wm.l(usenofp.o)
    0x0000291a   0x00000006   PAD
    0x00002920   0x00000088   Data   RO           74    .constdata          m_wm.l(pow.o)
    0x000029a8   0x00000008   Data   RO          117    .constdata          m_wm.l(qnan.o)
    0x000029b0   0x00000020   Data   RO          294    Region$$Table       anon$$obj.o


    Execution Region ER_RW (Base: 0x20000000, Size: 0x0000002c, Max: 0xffffffff, ABSOLUTE)

    Base Addr    Size         Type   Attr      Idx    E Section Name        Object

    0x20000000   0x0000002c   Data   RW           14    .data               filemain.o


    Execution Region ER_ZI (Base: 0x2000002c, Size: 0x00000174, Max: 0xffffffff, ABSOLUTE)

    Base Addr    Size         Type   Attr      Idx    E Section Name        Object

    0x2000002c   0x00000014   Zero   RW           13    .bss                filemain.o
    0x20000040   0x00000060   Zero   RW          157    .bss                c_w.l(libspace.o)
    0x200000a0   0x00000000   Zero   RW            2    HEAP                startup_tm4c123.o
    0x200000a0   0x00000100   Zero   RW            1    STACK               startup_tm4c123.o


==============================================================================

Image component sizes


      Code (inc. data)   RO Data    RW Data    ZI Data      Debug   Object Name

      2304        214          0         44         20       5953   filemain.o
       708        632          0          0        256        968   startup_tm4c123.o

    ----------------------------------------------------------------------
      3012        846         32         44        276       6921   Object Totals
         0          0         32          0          0          0   (incl. Generated)
         0          0          0          0          0          0   (incl. Padding)

    ----------------------------------------------------------------------

      Code (inc. data)   RO Data    RW Data    ZI Data      Debug   Library Member Name

         8          0          0          0          0         68   __main.o
        52          8          0          0          0          0   __scatter.o
        26          0          0          0          0          0   __scatter_copy.o
        28          0          0          0          0          0   __scatter_zi.o
        22          0          0          0          0        100   _rserrno.o
        12          0          0          0          0         72   exit.o
         0          0          0          0          0          0   indicate_semi.o
         2          0          0          0          0          0   libinit.o
         6          0          0          0          0          0   libinit2.o
         2          0          0          0          0          0   libshutdown.o
         2          0          0          0          0          0   libshutdown2.o
         8          4          0          0         96         68   libspace.o
         8          4          0          0          0         68   rt_errno_addr_intlibspace.o
         0          0          0          0          0          0   rtentry.o
        12          0          0          0          0          0   rtentry2.o
         6          0          0          0          0          0   rtentry4.o
         2          0          0          0          0          0   rtexit.o
        10          0          0          0          0          0   rtexit2.o
        12          4          0          0          0         68   sys_exit.o
        74          0          0          0          0         80   sys_stackheap_outer.o
         2          0          0          0          0         68   use_no_semi.o
        24          0          0          0          0        164   basic.o
        98          4          0          0          0        140   d2f.o
       826         16          0          0          0        492   daddsub_clz.o
        16          4          0          0          0        116   dcheck1.o
        24          0          0          0          0        116   dcmpi.o
       688        140          0          0          0        256   ddiv.o
       120          4          0          0          0        140   deqf.o
        84          0          0          0          0        232   dflt_clz.o
       120          4          0          0          0        140   dleqf.o
       340         12          0          0          0        152   dmul.o
       156          4          0          0          0        140   dnaninf.o
        12          0          0          0          0        116   dretinf.o
       108          0          0          0          0        128   drleqf.o
       408         56          0          0          0        168   dsqrt_umaal.o
        86          4          0          0          0        132   f2d.o
       140          4          0          0          0        132   fnaninf.o
        10          0          0          0          0        116   fpinit.o
        10          0          0          0          0        116   fretinf.o
       100          0          0          0          0        116   retnan.o
        92          0          0          0          0        116   scalbn.o
        48          0          0          0          0        116   trapv.o
         0          0          0          0          0          0   usenofp.o
        32          8          0          0          0        124   dunder.o
        32          0          0          0          0        124   fabs.o
        48          0          0          0          0        124   fpclassify.o
       248          0          0          0          0        152   poly.o
      3216        310        136          0          0        216   pow.o
         0          0          8          0          0          0   qnan.o
       110          0          0          0          0        148   sqrt.o

    ----------------------------------------------------------------------
      7516        590        144          0         96       4824   Library Totals
        26          0          0          0          0          0   (incl. Padding)

    ----------------------------------------------------------------------

      Code (inc. data)   RO Data    RW Data    ZI Data      Debug   Library Name

       294         20          0          0         96        592   c_w.l
      3510        252          0          0          0       3344   fz_wm.l
      3686        318        144          0          0        888   m_wm.l

    ----------------------------------------------------------------------
      7516        590        144          0         96       4824   Library Totals

    ----------------------------------------------------------------------

==============================================================================


      Code (inc. data)   RO Data    RW Data    ZI Data      Debug   

     10528       1436        176         44        372       8433   Grand Totals
     10528       1436        176         44        372       8433   ELF Image Totals
     10528       1436        176         44          0          0   ROM Totals

==============================================================================

    Total RO  Size (Code + RO Data)                10704 (  10.45kB)
    Total RW  Size (RW Data + ZI Data)               416 (   0.41kB)
    Total ROM Size (Code + RO Data + RW Data)      10748 (  10.50kB)

==============================================================================

